20:33:21 **** Incremental Build of configuration Debug for project blinking led ****
make -j8 all 
arm-none-eabi-gcc "../Core/Src/main.c" -mcpu=cortex-m3 -std=gnu11 -g3 -DDEBUG -DUSE_HAL_DRIVER -DSTM32F103x6 -c -I../Core/Inc -I../Drivers/STM32F1xx_HAL_Driver/Inc/Legacy -I../Drivers/STM32F1xx_HAL_Driver/Inc -I../Drivers/CMSIS/Device/ST/STM32F1xx/Include -I../Drivers/CMSIS/Include -O0 -ffunction-sections -fdata-sections -Wall -fstack-usage -MMD -MP -MF"Core/Src/main.d" -MT"Core/Src/main.o" --specs=nano.specs -mfloat-abi=soft -mthumb -o "Core/Src/main.o"
arm-none-eabi-gcc -o "blinking led.elf" @"objects.list"   -mcpu=cortex-m3 -T"D:\Studies\EECE - Cairo University\Competitions\CURT\Embedded Control Team\1.learning phase\Task 2\IDE\blinking led\STM32F103C6TX_FLASH.ld" --specs=nosys.specs -Wl,-Map="blinking led.map" -Wl,--gc-sections -static --specs=nano.specs -mfloat-abi=soft -mthumb -Wl,--start-group -lc -lm -Wl,--end-group
Finished building target: blinking led.elf
 
arm-none-eabi-size   blinking\ led.elf 
arm-none-eabi-objdump -h -S  blinking\ led.elf  > "blinking led.list"
arm-none-eabi-objcopy  -O ihex  blinking\ led.elf  "blinking led.hex"
   text	   data	    bss	    dec	    hex	filename
   5012	     20	   1572	   6604	   19cc	blinking led.elf
Finished building: default.size.stdout
 
Finished building: blinking led.hex
Finished building: blinking led.list
 
 

20:33:21 Build Finished. 0 errors, 0 warnings. (took 843ms)

