Archive member included to satisfy reference by file (symbol)

c:/program files (x86)/atollic/truestudio for stm32 9.3.0/armtools/bin/../lib/gcc/arm-atollic-eabi/6.3.1/../../../../arm-atollic-eabi/lib/armv7-m\libc_nano.a(lib_a-errno.o)
                              Src\syscalls.o (__errno)
c:/program files (x86)/atollic/truestudio for stm32 9.3.0/armtools/bin/../lib/gcc/arm-atollic-eabi/6.3.1/../../../../arm-atollic-eabi/lib/armv7-m\libc_nano.a(lib_a-impure.o)
                              c:/program files (x86)/atollic/truestudio for stm32 9.3.0/armtools/bin/../lib/gcc/arm-atollic-eabi/6.3.1/../../../../arm-atollic-eabi/lib/armv7-m\libc_nano.a(lib_a-errno.o) (_impure_ptr)
c:/program files (x86)/atollic/truestudio for stm32 9.3.0/armtools/bin/../lib/gcc/arm-atollic-eabi/6.3.1/../../../../arm-atollic-eabi/lib/armv7-m\libc_nano.a(lib_a-init.o)
                              startup\startup_stm32f103xb.o (__libc_init_array)
c:/program files (x86)/atollic/truestudio for stm32 9.3.0/armtools/bin/../lib/gcc/arm-atollic-eabi/6.3.1/../../../../arm-atollic-eabi/lib/armv7-m\libc_nano.a(lib_a-memset.o)
                              Drivers\STM32F1xx_HAL_Driver\Src\stm32f1xx_hal_rcc.o (memset)
c:/program files (x86)/atollic/truestudio for stm32 9.3.0/armtools/bin/../lib/gcc/arm-atollic-eabi/6.3.1/../../../../arm-atollic-eabi/lib/armv7-m\libc_nano.a(lib_a-sprintf.o)
                              Src\EVMS2.o (sprintf)
c:/program files (x86)/atollic/truestudio for stm32 9.3.0/armtools/bin/../lib/gcc/arm-atollic-eabi/6.3.1/../../../../arm-atollic-eabi/lib/armv7-m\libc_nano.a(lib_a-nano-svfprintf.o)
                              c:/program files (x86)/atollic/truestudio for stm32 9.3.0/armtools/bin/../lib/gcc/arm-atollic-eabi/6.3.1/../../../../arm-atollic-eabi/lib/armv7-m\libc_nano.a(lib_a-sprintf.o) (_svfprintf_r)
c:/program files (x86)/atollic/truestudio for stm32 9.3.0/armtools/bin/../lib/gcc/arm-atollic-eabi/6.3.1/../../../../arm-atollic-eabi/lib/armv7-m\libc_nano.a(lib_a-nano-vfprintf_i.o)
                              c:/program files (x86)/atollic/truestudio for stm32 9.3.0/armtools/bin/../lib/gcc/arm-atollic-eabi/6.3.1/../../../../arm-atollic-eabi/lib/armv7-m\libc_nano.a(lib_a-nano-svfprintf.o) (_printf_i)
c:/program files (x86)/atollic/truestudio for stm32 9.3.0/armtools/bin/../lib/gcc/arm-atollic-eabi/6.3.1/../../../../arm-atollic-eabi/lib/armv7-m\libc_nano.a(lib_a-memchr-stub.o)
                              c:/program files (x86)/atollic/truestudio for stm32 9.3.0/armtools/bin/../lib/gcc/arm-atollic-eabi/6.3.1/../../../../arm-atollic-eabi/lib/armv7-m\libc_nano.a(lib_a-nano-svfprintf.o) (memchr)
c:/program files (x86)/atollic/truestudio for stm32 9.3.0/armtools/bin/../lib/gcc/arm-atollic-eabi/6.3.1/../../../../arm-atollic-eabi/lib/armv7-m\libc_nano.a(lib_a-memcpy-stub.o)
                              c:/program files (x86)/atollic/truestudio for stm32 9.3.0/armtools/bin/../lib/gcc/arm-atollic-eabi/6.3.1/../../../../arm-atollic-eabi/lib/armv7-m\libc_nano.a(lib_a-nano-svfprintf.o) (memcpy)
c:/program files (x86)/atollic/truestudio for stm32 9.3.0/armtools/bin/../lib/gcc/arm-atollic-eabi/6.3.1/../../../../arm-atollic-eabi/lib/armv7-m\libc_nano.a(lib_a-memmove.o)
                              c:/program files (x86)/atollic/truestudio for stm32 9.3.0/armtools/bin/../lib/gcc/arm-atollic-eabi/6.3.1/../../../../arm-atollic-eabi/lib/armv7-m\libc_nano.a(lib_a-nano-svfprintf.o) (memmove)
c:/program files (x86)/atollic/truestudio for stm32 9.3.0/armtools/bin/../lib/gcc/arm-atollic-eabi/6.3.1/../../../../arm-atollic-eabi/lib/armv7-m\libc_nano.a(lib_a-nano-freer.o)
                              c:/program files (x86)/atollic/truestudio for stm32 9.3.0/armtools/bin/../lib/gcc/arm-atollic-eabi/6.3.1/../../../../arm-atollic-eabi/lib/armv7-m\libc_nano.a(lib_a-nano-svfprintf.o) (_free_r)
c:/program files (x86)/atollic/truestudio for stm32 9.3.0/armtools/bin/../lib/gcc/arm-atollic-eabi/6.3.1/../../../../arm-atollic-eabi/lib/armv7-m\libc_nano.a(lib_a-nano-mallocr.o)
                              c:/program files (x86)/atollic/truestudio for stm32 9.3.0/armtools/bin/../lib/gcc/arm-atollic-eabi/6.3.1/../../../../arm-atollic-eabi/lib/armv7-m\libc_nano.a(lib_a-nano-svfprintf.o) (_malloc_r)
c:/program files (x86)/atollic/truestudio for stm32 9.3.0/armtools/bin/../lib/gcc/arm-atollic-eabi/6.3.1/../../../../arm-atollic-eabi/lib/armv7-m\libc_nano.a(lib_a-nano-reallocr.o)
                              c:/program files (x86)/atollic/truestudio for stm32 9.3.0/armtools/bin/../lib/gcc/arm-atollic-eabi/6.3.1/../../../../arm-atollic-eabi/lib/armv7-m\libc_nano.a(lib_a-nano-svfprintf.o) (_realloc_r)
c:/program files (x86)/atollic/truestudio for stm32 9.3.0/armtools/bin/../lib/gcc/arm-atollic-eabi/6.3.1/../../../../arm-atollic-eabi/lib/armv7-m\libc_nano.a(lib_a-sbrkr.o)
[...]
Memory Configuration

Name             Origin             Length             Attributes
RAM              0x20000000         0x00005000         xrw
FLASH            0x08000000         0x00010000         xr
*default*        0x00000000         0xffffffff

Linker script and memory map

LOAD c:/program files (x86)/atollic/truestudio for stm32 9.3.0/armtools/bin/../lib/gcc/arm-atollic-eabi/6.3.1/armv7-m/crti.o
LOAD c:/program files (x86)/atollic/truestudio for stm32 9.3.0/armtools/bin/../lib/gcc/arm-atollic-eabi/6.3.1/armv7-m/crtbegin.o
LOAD Drivers\STM32F1xx_HAL_Driver\Src\stm32f1xx_hal.o
LOAD Drivers\STM32F1xx_HAL_Driver\Src\stm32f1xx_hal_adc.o
LOAD Drivers\STM32F1xx_HAL_Driver\Src\stm32f1xx_hal_adc_ex.o
LOAD Drivers\STM32F1xx_HAL_Driver\Src\stm32f1xx_hal_cortex.o
LOAD Drivers\STM32F1xx_HAL_Driver\Src\stm32f1xx_hal_dma.o
LOAD Drivers\STM32F1xx_HAL_Driver\Src\stm32f1xx_hal_exti.o
LOAD Drivers\STM32F1xx_HAL_Driver\Src\stm32f1xx_hal_flash.o
LOAD Drivers\STM32F1xx_HAL_Driver\Src\stm32f1xx_hal_flash_ex.o
LOAD Drivers\STM32F1xx_HAL_Driver\Src\stm32f1xx_hal_gpio.o
LOAD Drivers\STM32F1xx_HAL_Driver\Src\stm32f1xx_hal_gpio_ex.o
LOAD Drivers\STM32F1xx_HAL_Driver\Src\stm32f1xx_hal_pwr.o
LOAD Drivers\STM32F1xx_HAL_Driver\Src\stm32f1xx_hal_rcc.o
LOAD Drivers\STM32F1xx_HAL_Driver\Src\stm32f1xx_hal_rcc_ex.o
LOAD Drivers\STM32F1xx_HAL_Driver\Src\stm32f1xx_hal_tim.o
LOAD Drivers\STM32F1xx_HAL_Driver\Src\stm32f1xx_hal_tim_ex.o
LOAD Drivers\STM32F1xx_HAL_Driver\Src\stm32f1xx_hal_uart.o
LOAD Src\EVMS2.o
LOAD Src\main.o
LOAD Src\stm32f1xx_hal_msp.o
LOAD Src\stm32f1xx_it.o
LOAD Src\syscalls.o
LOAD Src\system_stm32f1xx.o
LOAD startup\startup_stm32f103xb.o
                0x00000080                malloc_getpagesize_P = 0x80
START GROUP
LOAD c:/program files (x86)/atollic/truestudio for stm32 9.3.0/armtools/bin/../lib/gcc/arm-atollic-eabi/6.3.1/../../../../arm-atollic-eabi/lib/armv7-m\libc_nano.a
LOAD c:/program files (x86)/atollic/truestudio for stm32 9.3.0/armtools/bin/../lib/gcc/arm-atollic-eabi/6.3.1/../../../../arm-atollic-eabi/lib/armv7-m\libm.a
END GROUP
START GROUP
LOAD c:/program files (x86)/atollic/truestudio for stm32 9.3.0/armtools/bin/../lib/gcc/arm-atollic-eabi/6.3.1/armv7-m\libgcc.a
LOAD c:/program files (x86)/atollic/truestudio for stm32 9.3.0/armtools/bin/../lib/gcc/arm-atollic-eabi/6.3.1/../../../../arm-atollic-eabi/lib/armv7-m\libc_nano.a
END GROUP
START GROUP
LOAD c:/program files (x86)/atollic/truestudio for stm32 9.3.0/armtools/bin/../lib/gcc/arm-atollic-eabi/6.3.1/armv7-m\libgcc.a
LOAD c:/program files (x86)/atollic/truestudio for stm32 9.3.0/armtools/bin/../lib/gcc/arm-atollic-eabi/6.3.1/../../../../arm-atollic-eabi/lib/armv7-m\libc_nano.a
LOAD c:/program files (x86)/atollic/truestudio for stm32 9.3.0/armtools/bin/../lib/gcc/arm-atollic-eabi/6.3.1/../../../../arm-atollic-eabi/lib/armv7-m\libnosys.a
END GROUP
START GROUP
LOAD c:/program files (x86)/atollic/truestudio for stm32 9.3.0/armtools/bin/../lib/gcc/arm-atollic-eabi/6.3.1/armv7-m\libgcc.a
LOAD c:/program files (x86)/atollic/truestudio for stm32 9.3.0/armtools/bin/../lib/gcc/arm-atollic-eabi/6.3.1/../../../../arm-atollic-eabi/lib/armv7-m\libc_nano.a
LOAD c:/program files (x86)/atollic/truestudio for stm32 9.3.0/armtools/bin/../lib/gcc/arm-atollic-eabi/6.3.1/../../../../arm-atollic-eabi/lib/armv7-m\libnosys.a
END GROUP
LOAD c:/program files (x86)/atollic/truestudio for stm32 9.3.0/armtools/bin/../lib/gcc/arm-atollic-eabi/6.3.1/armv7-m/crtend.o
LOAD c:/program files (x86)/atollic/truestudio for stm32 9.3.0/armtools/bin/../lib/gcc/arm-atollic-eabi/6.3.1/armv7-m/crtn.o
                0x20005000                _estack = 0x20005000
                0x00000200                _Min_Heap_Size = 0x200
                0x00000400                _Min_Stack_Size = 0x400

.isr_vector     0x08000000      0x10c
                0x08000000                . = ALIGN (0x4)
 *(.isr_vector)
 .isr_vector    0x08000000      0x10c startup\startup_stm32f103xb.o
                0x08000000                g_pfnVectors
                0x0800010c                . = ALIGN (0x4)

.text           0x0800010c     0x1244
                0x0800010c                . = ALIGN (0x4)
 *(.text)
 .text          0x0800010c       0x40 c:/program files (x86)/atollic/truestudio for stm32 9.3.0/armtools/bin/../lib/gcc/arm-atollic-eabi/6.3.1/armv7-m/crtbegin.o
 *(.text*)
 .text.HAL_InitTick
                0x0800014c       0x48 Drivers\STM32F1xx_HAL_Driver\Src\stm32f1xx_hal.o
                0x0800014c                HAL_InitTick
 .text.HAL_Init
                0x08000194       0x24 Drivers\STM32F1xx_HAL_Driver\Src\stm32f1xx_hal.o
                0x08000194                HAL_Init
 .text.HAL_IncTick
                0x080001b8       0x18 Drivers\STM32F1xx_HAL_Driver\Src\stm32f1xx_hal.o
                0x080001b8                HAL_IncTick
 .text.HAL_GetTick
                0x080001d0        0xc Drivers\STM32F1xx_HAL_Driver\Src\stm32f1xx_hal.o
                0x080001d0                HAL_GetTick
 .text.HAL_ADC_ConfigChannel
                0x080001dc      0x108 Drivers\STM32F1xx_HAL_Driver\Src\stm32f1xx_hal_adc.o
                0x080001dc                HAL_ADC_ConfigChannel
 .text.ADC_ConversionStop_Disable
                0x080002e4       0x44 Drivers\STM32F1xx_HAL_Driver\Src\stm32f1xx_hal_adc.o
                0x080002e4                ADC_ConversionStop_Disable
 .text.HAL_ADC_Init
                0x08000328      0x100 Drivers\STM32F1xx_HAL_Driver\Src\stm32f1xx_hal_adc.o
                0x08000328                HAL_ADC_Init
 .text.HAL_NVIC_SetPriorityGrouping
                0x08000428       0x24 Drivers\STM32F1xx_HAL_Driver\Src\stm32f1xx_hal_cortex.o
                0x08000428                HAL_NVIC_SetPriorityGrouping
 .text.HAL_NVIC_SetPriority
                0x0800044c       0x68 Drivers\STM32F1xx_HAL_Driver\Src\stm32f1xx_hal_cortex.o
                0x0800044c                HAL_NVIC_SetPriority
 .text.HAL_NVIC_EnableIRQ
                0x080004b4       0x1c Drivers\STM32F1xx_HAL_Driver\Src\stm32f1xx_hal_cortex.o
                0x080004b4                HAL_NVIC_EnableIRQ
 .text.HAL_SYSTICK_Config
                0x080004d0       0x2c Drivers\STM32F1xx_HAL_Driver\Src\stm32f1xx_hal_cortex.o
                0x080004d0                HAL_SYSTICK_Config
 .text.HAL_DMA_Init
                0x080004fc       0x60 Drivers\STM32F1xx_HAL_Driver\Src\stm32f1xx_hal_dma.o
                0x080004fc                HAL_DMA_Init
 .text.HAL_DMA_IRQHandler
                0x0800055c      0x128 Drivers\STM32F1xx_HAL_Driver\Src\stm32f1xx_hal_dma.o
                0x0800055c                HAL_DMA_IRQHandler
 .text.HAL_GPIO_Init
                0x08000684      0x1c4 Drivers\STM32F1xx_HAL_Driver\Src\stm32f1xx_hal_gpio.o
                0x08000684                HAL_GPIO_Init
 .text.HAL_GPIO_WritePin
                0x08000848        0xa Drivers\STM32F1xx_HAL_Driver\Src\stm32f1xx_hal_gpio.o
                0x08000848                HAL_GPIO_WritePin
 *fill*         0x08000852        0x2 
 .text.HAL_RCC_OscConfig
                0x08000854      0x33c Drivers\STM32F1xx_HAL_Driver\Src\stm32f1xx_hal_rcc.o
                0x08000854                HAL_RCC_OscConfig
 .text.HAL_RCC_GetSysClockFreq
                0x08000b90       0x78 Drivers\STM32F1xx_HAL_Driver\Src\stm32f1xx_hal_rcc.o
                0x08000b90                HAL_RCC_GetSysClockFreq
 .text.HAL_RCC_ClockConfig
                0x08000c08      0x13c Drivers\STM32F1xx_HAL_Driver\Src\stm32f1xx_hal_rcc.o
                0x08000c08                HAL_RCC_ClockConfig
 .text.HAL_RCC_GetPCLK1Freq
                0x08000d44       0x20 Drivers\STM32F1xx_HAL_Driver\Src\stm32f1xx_hal_rcc.o
                0x08000d44                HAL_RCC_GetPCLK1Freq
 .text.HAL_RCC_GetPCLK2Freq
                0x08000d64       0x20 Drivers\STM32F1xx_HAL_Driver\Src\stm32f1xx_hal_rcc.o
                0x08000d64                HAL_RCC_GetPCLK2Freq
 .text.HAL_RCCEx_PeriphCLKConfig
                0x08000d84       0xf0 Drivers\STM32F1xx_HAL_Driver\Src\stm32f1xx_hal_rcc_ex.o
                0x08000d84                HAL_RCCEx_PeriphCLKConfig
 .text.UART_SetConfig
                0x08000e74       0x74 Drivers\STM32F1xx_HAL_Driver\Src\stm32f1xx_hal_uart.o
 .text.HAL_UART_Init
                0x08000ee8       0x5c Drivers\STM32F1xx_HAL_Driver\Src\stm32f1xx_hal_uart.o
                0x08000ee8                HAL_UART_Init
 .text.SystemClock_Config
                0x08000f44       0x6c Src\main.o
                0x08000f44                SystemClock_Config
 .text.startup.main
                0x08000fb0      0x170 Src\main.o
                0x08000fb0                main
 .text.Error_Handler
                0x08001120        0x2 Src\main.o
                0x08001120                Error_Handler
 *fill*         0x08001122        0x2 
 .text.HAL_MspInit
                0x08001124       0x44 Src\stm32f1xx_hal_msp.o
                0x08001124                HAL_MspInit
 .text.HAL_ADC_MspInit
                0x08001168       0x94 Src\stm32f1xx_hal_msp.o
                0x08001168                HAL_ADC_MspInit
 .text.HAL_UART_MspInit
                0x080011fc       0x74 Src\stm32f1xx_hal_msp.o
                0x080011fc                HAL_UART_MspInit
 .text.NMI_Handler
                0x08001270        0x2 Src\stm32f1xx_it.o
                0x08001270                NMI_Handler
 .text.HardFault_Handler
                0x08001272        0x2 Src\stm32f1xx_it.o
                0x08001272                HardFault_Handler
 .text.MemManage_Handler
                0x08001274        0x2 Src\stm32f1xx_it.o
                0x08001274                MemManage_Handler
 .text.BusFault_Handler
                0x08001276        0x2 Src\stm32f1xx_it.o
                0x08001276                BusFault_Handler
 .text.UsageFault_Handler
                0x08001278        0x2 Src\stm32f1xx_it.o
                0x08001278                UsageFault_Handler
 .text.SVC_Handler
                0x0800127a        0x2 Src\stm32f1xx_it.o
                0x0800127a                SVC_Handler
 .text.DebugMon_Handler
                0x0800127c        0x2 Src\stm32f1xx_it.o
                0x0800127c                DebugMon_Handler
 .text.PendSV_Handler
                0x0800127e        0x2 Src\stm32f1xx_it.o
                0x0800127e                PendSV_Handler
 .text.SysTick_Handler
                0x08001280        0x4 Src\stm32f1xx_it.o
                0x08001280                SysTick_Handler
 .text.DMA1_Channel1_IRQHandler
                0x08001284        0xc Src\stm32f1xx_it.o
                0x08001284                DMA1_Channel1_IRQHandler
 .text.SystemInit
                0x08001290        0x2 Src\system_stm32f1xx.o
                0x08001290                SystemInit
 *fill*         0x08001292        0x2 
 .text.Reset_Handler
                0x08001294       0x48 startup\startup_stm32f103xb.o
                0x08001294                Reset_Handler
 .text.Default_Handler
                0x080012dc        0x2 startup\startup_stm32f103xb.o
                0x080012dc                RTC_Alarm_IRQHandler
                0x080012dc                EXTI2_IRQHandler
                0x080012dc                TIM1_CC_IRQHandler
                0x080012dc                PVD_IRQHandler
                0x080012dc                EXTI3_IRQHandler
                0x080012dc                EXTI0_IRQHandler
                0x080012dc                I2C2_EV_IRQHandler
                0x080012dc                ADC1_2_IRQHandler
                0x080012dc                SPI1_IRQHandler
                0x080012dc                TAMPER_IRQHandler
                0x080012dc                DMA1_Channel4_IRQHandler
                0x080012dc                USART3_IRQHandler
                0x080012dc                RTC_IRQHandler
                0x080012dc                DMA1_Channel7_IRQHandler
                0x080012dc                CAN1_RX1_IRQHandler
                0x080012dc                TIM4_IRQHandler
                0x080012dc                I2C1_EV_IRQHandler
                0x080012dc                DMA1_Channel6_IRQHandler
                0x080012dc                TIM3_IRQHandler
                0x080012dc                RCC_IRQHandler
                0x080012dc                TIM1_TRG_COM_IRQHandler
                0x080012dc                Default_Handler
                0x080012dc                EXTI15_10_IRQHandler
                0x080012dc                EXTI9_5_IRQHandler
                0x080012dc                SPI2_IRQHandler
                0x080012dc                DMA1_Channel5_IRQHandler
                0x080012dc                EXTI4_IRQHandler
                0x080012dc                USB_LP_CAN1_RX0_IRQHandler
                0x080012dc                USB_HP_CAN1_TX_IRQHandler
                0x080012dc                DMA1_Channel3_IRQHandler
                0x080012dc                TIM1_UP_IRQHandler
                0x080012dc                WWDG_IRQHandler
                0x080012dc                TIM2_IRQHandler
                0x080012dc                TIM1_BRK_IRQHandler
                0x080012dc                EXTI1_IRQHandler
                0x080012dc                USART2_IRQHandler
                0x080012dc                I2C2_ER_IRQHandler
                0x080012dc                DMA1_Channel2_IRQHandler
                0x080012dc                CAN1_SCE_IRQHandler
                0x080012dc                FLASH_IRQHandler
                0x080012dc                USART1_IRQHandler
                0x080012dc                I2C1_ER_IRQHandler
                0x080012dc                USBWakeUp_IRQHandler
 *fill*         0x080012de        0x2 
 .text.__libc_init_array
                0x080012e0       0x48 c:/program files (x86)/atollic/truestudio for stm32 9.3.0/armtools/bin/../lib/gcc/arm-atollic-eabi/6.3.1/../../../../arm-atollic-eabi/lib/armv7-m\libc_nano.a(lib_a-init.o)
                0x080012e0                __libc_init_array
 .text.memset   0x08001328       0x10 c:/program files (x86)/atollic/truestudio for stm32 9.3.0/armtools/bin/../lib/gcc/arm-atollic-eabi/6.3.1/../../../../arm-atollic-eabi/lib/armv7-m\libc_nano.a(lib_a-memset.o)
                0x08001328                memset
 *(.glue_7)
 .glue_7        0x08001338        0x0 linker stubs
 *(.glue_7t)
 .glue_7t       0x08001338        0x0 linker stubs
 *(.eh_frame)
 .eh_frame      0x08001338        0x0 c:/program files (x86)/atollic/truestudio for stm32 9.3.0/armtools/bin/../lib/gcc/arm-atollic-eabi/6.3.1/armv7-m/crtbegin.o
 *(.init)
 .init          0x08001338        0x4 c:/program files (x86)/atollic/truestudio for stm32 9.3.0/armtools/bin/../lib/gcc/arm-atollic-eabi/6.3.1/armv7-m/crti.o
                0x08001338                _init
 .init          0x0800133c        0x8 c:/program files (x86)/atollic/truestudio for stm32 9.3.0/armtools/bin/../lib/gcc/arm-atollic-eabi/6.3.1/armv7-m/crtn.o
 *(.fini)
 .fini          0x08001344        0x4 c:/program files (x86)/atollic/truestudio for stm32 9.3.0/armtools/bin/../lib/gcc/arm-atollic-eabi/6.3.1/armv7-m/crti.o
                0x08001344                _fini
 .fini          0x08001348        0x8 c:/program files (x86)/atollic/truestudio for stm32 9.3.0/armtools/bin/../lib/gcc/arm-atollic-eabi/6.3.1/armv7-m/crtn.o
                0x08001350                . = ALIGN (0x4)
                0x08001350                _etext = .

.vfp11_veneer   0x08001350        0x0
 .vfp11_veneer  0x08001350        0x0 linker stubs

.v4_bx          0x08001350        0x0
 .v4_bx         0x08001350        0x0 linker stubs

.iplt           0x08001350        0x0
 .iplt          0x08001350        0x0 c:/program files (x86)/atollic/truestudio for stm32 9.3.0/armtools/bin/../lib/gcc/arm-atollic-eabi/6.3.1/armv7-m/crtbegin.o

.rodata         0x08001350       0x28
                0x08001350                . = ALIGN (0x4)
 *(.rodata)
 .rodata        0x08001350       0x10 Drivers\STM32F1xx_HAL_Driver\Src\stm32f1xx_hal_rcc.o
 *(.rodata*)
 .rodata.AHBPrescTable
                0x08001360       0x10 Src\system_stm32f1xx.o
                0x08001360                AHBPrescTable
 .rodata.APBPrescTable
                0x08001370        0x8 Src\system_stm32f1xx.o
                0x08001370                APBPrescTable
                0x08001378                . = ALIGN (0x4)

.rel.dyn        0x08001378        0x0
 .rel.iplt      0x08001378        0x0 c:/program files (x86)/atollic/truestudio for stm32 9.3.0/armtools/bin/../lib/gcc/arm-atollic-eabi/6.3.1/armv7-m/crtbegin.o

.ARM.extab
 *(.ARM.extab* .gnu.linkonce.armextab.*)

.ARM            0x08001378        0x0
                0x08001378                __exidx_start = .
 *(.ARM.exidx*)
                0x08001378                __exidx_end = .

.preinit_array  0x08001378        0x0
                0x08001378                PROVIDE (__preinit_array_start, .)
 *(.preinit_array*)
                0x08001378                PROVIDE (__preinit_array_end, .)

.init_array     0x08001378        0x4
                0x08001378                PROVIDE (__init_array_start, .)
 *(SORT(.init_array.*))
 *(.init_array*)
 .init_array    0x08001378        0x4 c:/program files (x86)/atollic/truestudio for stm32 9.3.0/armtools/bin/../lib/gcc/arm-atollic-eabi/6.3.1/armv7-m/crtbegin.o
                0x0800137c                PROVIDE (__init_array_end, .)

.fini_array     0x0800137c        0x4
                [!provide]                PROVIDE (__fini_array_start, .)
 *(SORT(.fini_array.*))
 *(.fini_array*)
 .fini_array    0x0800137c        0x4 c:/program files (x86)/atollic/truestudio for stm32 9.3.0/armtools/bin/../lib/gcc/arm-atollic-eabi/6.3.1/armv7-m/crtbegin.o
                [!provide]                PROVIDE (__fini_array_end, .)
                0x08001380                _sidata = LOADADDR (.data)

.data           0x20000000        0xc load address 0x08001380
                0x20000000                . = ALIGN (0x4)
                0x20000000                _sdata = .
 *(.data)
 *(.data*)
 .data.uwTickFreq
                0x20000000        0x1 Drivers\STM32F1xx_HAL_Driver\Src\stm32f1xx_hal.o
                0x20000000                uwTickFreq
 *fill*         0x20000001        0x3 
 .data.uwTickPrio
                0x20000004        0x4 Drivers\STM32F1xx_HAL_Driver\Src\stm32f1xx_hal.o
                0x20000004                uwTickPrio
 .data.SystemCoreClock
                0x20000008        0x4 Src\system_stm32f1xx.o
                0x20000008                SystemCoreClock
                0x2000000c                . = ALIGN (0x4)
                0x2000000c                _edata = .

.igot.plt       0x2000000c        0x0 load address 0x0800138c
 .igot.plt      0x2000000c        0x0 c:/program files (x86)/atollic/truestudio for stm32 9.3.0/armtools/bin/../lib/gcc/arm-atollic-eabi/6.3.1/armv7-m/crtbegin.o
                0x2000000c                . = ALIGN (0x4)

.bss            0x2000000c       0xd8 load address 0x0800138c
                0x2000000c                _sbss = .
                0x2000000c                __bss_start__ = _sbss
 *(.bss)
 .bss           0x2000000c       0x1c c:/program files (x86)/atollic/truestudio for stm32 9.3.0/armtools/bin/../lib/gcc/arm-atollic-eabi/6.3.1/armv7-m/crtbegin.o
 *(.bss*)
 *(COMMON)
 COMMON         0x20000028        0x4 Drivers\STM32F1xx_HAL_Driver\Src\stm32f1xx_hal.o
                0x20000028                uwTick
 COMMON         0x2000002c       0xb8 Src\EVMS2.o
                0x2000002c                _ADC_BrakesValues
                0x20000030                hadc1
                0x20000060                hdma_adc1
                0x200000a4                huart2
                0x200000e4                . = ALIGN (0x4)
                0x200000e4                _ebss = .
                0x200000e4                __bss_end__ = _ebss

._user_heap_stack
                0x200000e4      0x600 load address 0x0800138c
                0x200000e4                . = ALIGN (0x4)
                0x200000e4                PROVIDE (end, .)
                [!provide]                PROVIDE (_end, .)
                0x200002e4                . = (. + _Min_Heap_Size)
 *fill*         0x200000e4      0x200 
                0x200006e4                . = (. + _Min_Stack_Size)
 *fill*         0x200002e4      0x400 
                0x200006e4                . = ALIGN (0x4)

/DISCARD/
 libc.a(*)
 libm.a(*)
 libgcc.a(*)

.ARM.attributes
                0x00000000       0x29
 *(.ARM.attributes)
 .ARM.attributes
                0x00000000       0x1d c:/program files (x86)/atollic/truestudio for stm32 9.3.0/armtools/bin/../lib/gcc/arm-atollic-eabi/6.3.1/armv7-m/crti.o
 .ARM.attributes
                0x0000001d       0x2d c:/program files (x86)/atollic/truestudio for stm32 9.3.0/armtools/bin/../lib/gcc/arm-atollic-eabi/6.3.1/armv7-m/crtbegin.o
 .ARM.attributes
                0x0000004a       0x33 Drivers\STM32F1xx_HAL_Driver\Src\stm32f1xx_hal.o
 .ARM.attributes
                0x0000007d       0x33 Drivers\STM32F1xx_HAL_Driver\Src\stm32f1xx_hal_adc.o
 .ARM.attributes
                0x000000b0       0x33 Drivers\STM32F1xx_HAL_Driver\Src\stm32f1xx_hal_cortex.o
 .ARM.attributes
                0x000000e3       0x33 Drivers\STM32F1xx_HAL_Driver\Src\stm32f1xx_hal_dma.o
 .ARM.attributes
                0x00000116       0x33 Drivers\STM32F1xx_HAL_Driver\Src\stm32f1xx_hal_gpio.o
 .ARM.attributes
                0x00000149       0x33 Drivers\STM32F1xx_HAL_Driver\Src\stm32f1xx_hal_rcc.o
 .ARM.attributes
                0x0000017c       0x33 Drivers\STM32F1xx_HAL_Driver\Src\stm32f1xx_hal_rcc_ex.o
 .ARM.attributes
                0x000001af       0x33 Drivers\STM32F1xx_HAL_Driver\Src\stm32f1xx_hal_uart.o
 .ARM.attributes
                0x000001e2       0x33 Src\EVMS2.o
 .ARM.attributes
                0x00000215       0x33 Src\main.o
 .ARM.attributes
                0x00000248       0x33 Src\stm32f1xx_hal_msp.o
 .ARM.attributes
                0x0000027b       0x33 Src\stm32f1xx_it.o
 .ARM.attributes
                0x000002ae       0x33 Src\system_stm32f1xx.o
 .ARM.attributes
                0x000002e1       0x21 startup\startup_stm32f103xb.o
 .ARM.attributes
                0x00000302       0x2d c:/program files (x86)/atollic/truestudio for stm32 9.3.0/armtools/bin/../lib/gcc/arm-atollic-eabi/6.3.1/../../../../arm-atollic-eabi/lib/armv7-m\libc_nano.a(lib_a-init.o)
 .ARM.attributes
                0x0000032f       0x2d c:/program files (x86)/atollic/truestudio for stm32 9.3.0/armtools/bin/../lib/gcc/arm-atollic-eabi/6.3.1/../../../../arm-atollic-eabi/lib/armv7-m\libc_nano.a(lib_a-memset.o)
 .ARM.attributes
                0x0000035c       0x1d c:/program files (x86)/atollic/truestudio for stm32 9.3.0/armtools/bin/../lib/gcc/arm-atollic-eabi/6.3.1/armv7-m/crtn.o
OUTPUT(final_second_board_isa.elf elf32-littlearm)

.debug_info     0x00000000     0x8bef
 .debug_info    0x00000000      0x7e4 Drivers\STM32F1xx_HAL_Driver\Src\stm32f1xx_hal.o
 .debug_info    0x000007e4      0xeab Drivers\STM32F1xx_HAL_Driver\Src\stm32f1xx_hal_adc.o
 .debug_info    0x0000168f      0xcb2 Drivers\STM32F1xx_HAL_Driver\Src\stm32f1xx_hal_cortex.o
 .debug_info    0x00002341      0x842 Drivers\STM32F1xx_HAL_Driver\Src\stm32f1xx_hal_dma.o
 .debug_info    0x00002b83      0x6ac Drivers\STM32F1xx_HAL_Driver\Src\stm32f1xx_hal_gpio.o
 .debug_info    0x0000322f      0xa0c Drivers\STM32F1xx_HAL_Driver\Src\stm32f1xx_hal_rcc.o
 .debug_info    0x00003c3b      0x496 Drivers\STM32F1xx_HAL_Driver\Src\stm32f1xx_hal_rcc_ex.o
 .debug_info    0x000040d1     0x165d Drivers\STM32F1xx_HAL_Driver\Src\stm32f1xx_hal_uart.o
 .debug_info    0x0000572e      0xc6e Src\EVMS2.o
 .debug_info    0x0000639c     0x1065 Src\main.o
 .debug_info    0x00007401      0xc2f Src\stm32f1xx_hal_msp.o
 .debug_info    0x00008030      0x87e Src\stm32f1xx_it.o
 .debug_info    0x000088ae      0x29e Src\system_stm32f1xx.o
 .debug_info    0x00008b4c       0xa3 startup\startup_stm32f103xb.o

.debug_abbrev   0x00000000     0x1d7e
 .debug_abbrev  0x00000000      0x239 Drivers\STM32F1xx_HAL_Driver\Src\stm32f1xx_hal.o
 .debug_abbrev  0x00000239      0x299 Drivers\STM32F1xx_HAL_Driver\Src\stm32f1xx_hal_adc.o
 .debug_abbrev  0x000004d2      0x2f8 Drivers\STM32F1xx_HAL_Driver\Src\stm32f1xx_hal_cortex.o
 .debug_abbrev  0x000007ca      0x22d Drivers\STM32F1xx_HAL_Driver\Src\stm32f1xx_hal_dma.o
 .debug_abbrev  0x000009f7      0x1e4 Drivers\STM32F1xx_HAL_Driver\Src\stm32f1xx_hal_gpio.o
 .debug_abbrev  0x00000bdb      0x2c1 Drivers\STM32F1xx_HAL_Driver\Src\stm32f1xx_hal_rcc.o
 .debug_abbrev  0x00000e9c      0x1c4 Drivers\STM32F1xx_HAL_Driver\Src\stm32f1xx_hal_rcc_ex.o
 .debug_abbrev  0x00001060      0x300 Drivers\STM32F1xx_HAL_Driver\Src\stm32f1xx_hal_uart.o
 .debug_abbrev  0x00001360      0x27a Src\EVMS2.o
 .debug_abbrev  0x000015da      0x293 Src\main.o
 .debug_abbrev  0x0000186d      0x201 Src\stm32f1xx_hal_msp.o
 .debug_abbrev  0x00001a6e      0x1cf Src\stm32f1xx_it.o
 .debug_abbrev  0x00001c3d      0x12f Src\system_stm32f1xx.o
 .debug_abbrev  0x00001d6c       0x12 startup\startup_stm32f103xb.o

.debug_loc      0x00000000     0x328f
 .debug_loc     0x00000000      0x12e Drivers\STM32F1xx_HAL_Driver\Src\stm32f1xx_hal.o
 .debug_loc     0x0000012e      0x873 Drivers\STM32F1xx_HAL_Driver\Src\stm32f1xx_hal_adc.o
 .debug_loc     0x000009a1      0x487 Drivers\STM32F1xx_HAL_Driver\Src\stm32f1xx_hal_cortex.o
 .debug_loc     0x00000e28      0x5ed Drivers\STM32F1xx_HAL_Driver\Src\stm32f1xx_hal_dma.o
 .debug_loc     0x00001415      0x316 Drivers\STM32F1xx_HAL_Driver\Src\stm32f1xx_hal_gpio.o
 .debug_loc     0x0000172b      0x478 Drivers\STM32F1xx_HAL_Driver\Src\stm32f1xx_hal_rcc.o
 .debug_loc     0x00001ba3      0x29d Drivers\STM32F1xx_HAL_Driver\Src\stm32f1xx_hal_rcc_ex.o
 .debug_loc     0x00001e40     0x12c7 Drivers\STM32F1xx_HAL_Driver\Src\stm32f1xx_hal_uart.o
 .debug_loc     0x00003107       0xbb Src\stm32f1xx_hal_msp.o
 .debug_loc     0x000031c2       0xcd Src\system_stm32f1xx.o

.debug_aranges  0x00000000      0x6a8
 .debug_aranges
                0x00000000       0xd8 Drivers\STM32F1xx_HAL_Driver\Src\stm32f1xx_hal.o
 .debug_aranges
                0x000000d8       0xc8 Drivers\STM32F1xx_HAL_Driver\Src\stm32f1xx_hal_adc.o
 .debug_aranges
                0x000001a0       0x90 Drivers\STM32F1xx_HAL_Driver\Src\stm32f1xx_hal_cortex.o
 .debug_aranges
                0x00000230       0x78 Drivers\STM32F1xx_HAL_Driver\Src\stm32f1xx_hal_dma.o
 .debug_aranges
                0x000002a8       0x58 Drivers\STM32F1xx_HAL_Driver\Src\stm32f1xx_hal_gpio.o
 .debug_aranges
                0x00000300       0x88 Drivers\STM32F1xx_HAL_Driver\Src\stm32f1xx_hal_rcc.o
 .debug_aranges
                0x00000388       0x30 Drivers\STM32F1xx_HAL_Driver\Src\stm32f1xx_hal_rcc_ex.o
 .debug_aranges
                0x000003b8      0x170 Drivers\STM32F1xx_HAL_Driver\Src\stm32f1xx_hal_uart.o
 .debug_aranges
                0x00000528       0x70 Src\EVMS2.o
 .debug_aranges
                0x00000598       0x30 Src\main.o
 .debug_aranges
                0x000005c8       0x40 Src\stm32f1xx_hal_msp.o
 .debug_aranges
                0x00000608       0x50 Src\stm32f1xx_it.o
 .debug_aranges
                0x00000658       0x28 Src\system_stm32f1xx.o
 .debug_aranges
                0x00000680       0x28 startup\startup_stm32f103xb.o

.debug_ranges   0x00000000      0x8c8
 .debug_ranges  0x00000000       0xc8 Drivers\STM32F1xx_HAL_Driver\Src\stm32f1xx_hal.o
 .debug_ranges  0x000000c8       0xb8 Drivers\STM32F1xx_HAL_Driver\Src\stm32f1xx_hal_adc.o
 .debug_ranges  0x00000180      0x128 Drivers\STM32F1xx_HAL_Driver\Src\stm32f1xx_hal_cortex.o
 .debug_ranges  0x000002a8       0xa8 Drivers\STM32F1xx_HAL_Driver\Src\stm32f1xx_hal_dma.o
 .debug_ranges  0x00000350       0x60 Drivers\STM32F1xx_HAL_Driver\Src\stm32f1xx_hal_gpio.o
 .debug_ranges  0x000003b0       0xa0 Drivers\STM32F1xx_HAL_Driver\Src\stm32f1xx_hal_rcc.o
 .debug_ranges  0x00000450       0x40 Drivers\STM32F1xx_HAL_Driver\Src\stm32f1xx_hal_rcc_ex.o
 .debug_ranges  0x00000490      0x190 Drivers\STM32F1xx_HAL_Driver\Src\stm32f1xx_hal_uart.o
 .debug_ranges  0x00000620       0x60 Src\EVMS2.o
 .debug_ranges  0x00000680      0x100 Src\main.o
 .debug_ranges  0x00000780       0xd0 Src\stm32f1xx_hal_msp.o
 .debug_ranges  0x00000850       0x40 Src\stm32f1xx_it.o
 .debug_ranges  0x00000890       0x18 Src\system_stm32f1xx.o
 .debug_ranges  0x000008a8       0x20 startup\startup_stm32f103xb.o

.debug_line     0x00000000     0x3dab
 .debug_line    0x00000000      0x3ed Drivers\STM32F1xx_HAL_Driver\Src\stm32f1xx_hal.o
 .debug_line    0x000003ed      0x7da Drivers\STM32F1xx_HAL_Driver\Src\stm32f1xx_hal_adc.o
 .debug_line    0x00000bc7      0x3e6 Drivers\STM32F1xx_HAL_Driver\Src\stm32f1xx_hal_cortex.o
 .debug_line    0x00000fad      0x5fb Drivers\STM32F1xx_HAL_Driver\Src\stm32f1xx_hal_dma.o
 .debug_line    0x000015a8      0x3aa Drivers\STM32F1xx_HAL_Driver\Src\stm32f1xx_hal_gpio.o
 .debug_line    0x00001952      0x582 Drivers\STM32F1xx_HAL_Driver\Src\stm32f1xx_hal_rcc.o
 .debug_line    0x00001ed4      0x336 Drivers\STM32F1xx_HAL_Driver\Src\stm32f1xx_hal_rcc_ex.o
 .debug_line    0x0000220a      0xc44 Drivers\STM32F1xx_HAL_Driver\Src\stm32f1xx_hal_uart.o
 .debug_line    0x00002e4e      0x35e Src\EVMS2.o
 .debug_line    0x000031ac      0x382 Src\main.o
 .debug_line    0x0000352e      0x327 Src\stm32f1xx_hal_msp.o
 .debug_line    0x00003855      0x2bc Src\stm32f1xx_it.o
 .debug_line    0x00003b11      0x21d Src\system_stm32f1xx.o
 .debug_line    0x00003d2e       0x7d startup\startup_stm32f103xb.o

.debug_str      0x00000000     0x246d
 .debug_str     0x00000000      0x83d Drivers\STM32F1xx_HAL_Driver\Src\stm32f1xx_hal.o
                                0x8a1 (size before relaxing)
 .debug_str     0x0000083d      0x67a Drivers\STM32F1xx_HAL_Driver\Src\stm32f1xx_hal_adc.o
                                0x9bf (size before relaxing)
 .debug_str     0x00000eb7      0x3c5 Drivers\STM32F1xx_HAL_Driver\Src\stm32f1xx_hal_cortex.o
                                0x9bd (size before relaxing)
 .debug_str     0x0000127c      0x220 Drivers\STM32F1xx_HAL_Driver\Src\stm32f1xx_hal_dma.o
                                0x70b (size before relaxing)
 .debug_str     0x0000149c      0x1ca Drivers\STM32F1xx_HAL_Driver\Src\stm32f1xx_hal_gpio.o
                                0x50e (size before relaxing)
 .debug_str     0x00001666      0x322 Drivers\STM32F1xx_HAL_Driver\Src\stm32f1xx_hal_rcc.o
                                0x6f7 (size before relaxing)
 .debug_str     0x00001988      0x110 Drivers\STM32F1xx_HAL_Driver\Src\stm32f1xx_hal_rcc_ex.o
                                0x4cf (size before relaxing)
 .debug_str     0x00001a98      0x6fa Drivers\STM32F1xx_HAL_Driver\Src\stm32f1xx_hal_uart.o
                                0xc9e (size before relaxing)
 .debug_str     0x00002192      0x136 Src\EVMS2.o
                                0x8ee (size before relaxing)
 .debug_str     0x000022c8       0x7e Src\main.o
                                0xdfe (size before relaxing)
 .debug_str     0x00002346       0x1b Src\stm32f1xx_hal_msp.o
                                0x910 (size before relaxing)
 .debug_str     0x00002361       0xbf Src\stm32f1xx_it.o
                                0x84a (size before relaxing)
 .debug_str     0x00002420       0x4d Src\system_stm32f1xx.o
                                0x31f (size before relaxing)

.comment        0x00000000       0x7c
 .comment       0x00000000       0x7c Drivers\STM32F1xx_HAL_Driver\Src\stm32f1xx_hal.o
                                 0x7d (size before relaxing)
 .comment       0x0000007c       0x7d Drivers\STM32F1xx_HAL_Driver\Src\stm32f1xx_hal_adc.o
 .comment       0x0000007c       0x7d Drivers\STM32F1xx_HAL_Driver\Src\stm32f1xx_hal_cortex.o
 .comment       0x0000007c       0x7d Drivers\STM32F1xx_HAL_Driver\Src\stm32f1xx_hal_dma.o
 .comment       0x0000007c       0x7d Drivers\STM32F1xx_HAL_Driver\Src\stm32f1xx_hal_gpio.o
 .comment       0x0000007c       0x7d Drivers\STM32F1xx_HAL_Driver\Src\stm32f1xx_hal_rcc.o
 .comment       0x0000007c       0x7d Drivers\STM32F1xx_HAL_Driver\Src\stm32f1xx_hal_rcc_ex.o
 .comment       0x0000007c       0x7d Drivers\STM32F1xx_HAL_Driver\Src\stm32f1xx_hal_uart.o
 .comment       0x0000007c       0x7d Src\EVMS2.o
 .comment       0x0000007c       0x7d Src\main.o
 .comment       0x0000007c       0x7d Src\stm32f1xx_hal_msp.o
 .comment       0x0000007c       0x7d Src\stm32f1xx_it.o
 .comment       0x0000007c       0x7d Src\system_stm32f1xx.o

.debug_frame    0x00000000     0x1164
 .debug_frame   0x00000000      0x1d4 Drivers\STM32F1xx_HAL_Driver\Src\stm32f1xx_hal.o
 .debug_frame   0x000001d4      0x298 Drivers\STM32F1xx_HAL_Driver\Src\stm32f1xx_hal_adc.o
 .debug_frame   0x0000046c      0x120 Drivers\STM32F1xx_HAL_Driver\Src\stm32f1xx_hal_cortex.o
 .debug_frame   0x0000058c      0x144 Drivers\STM32F1xx_HAL_Driver\Src\stm32f1xx_hal_dma.o
 .debug_frame   0x000006d0       0xd4 Drivers\STM32F1xx_HAL_Driver\Src\stm32f1xx_hal_gpio.o
 .debug_frame   0x000007a4      0x150 Drivers\STM32F1xx_HAL_Driver\Src\stm32f1xx_hal_rcc.o
 .debug_frame   0x000008f4       0x6c Drivers\STM32F1xx_HAL_Driver\Src\stm32f1xx_hal_rcc_ex.o
 .debug_frame   0x00000960      0x4a0 Drivers\STM32F1xx_HAL_Driver\Src\stm32f1xx_hal_uart.o
 .debug_frame   0x00000e00      0x140 Src\EVMS2.o
 .debug_frame   0x00000f40       0x60 Src\main.o
 .debug_frame   0x00000fa0       0x98 Src\stm32f1xx_hal_msp.o
 .debug_frame   0x00001038       0xb0 Src\stm32f1xx_it.o
 .debug_frame   0x000010e8       0x30 Src\system_stm32f1xx.o
 .debug_frame   0x00001118       0x2c c:/program files (x86)/atollic/truestudio for stm32 9.3.0/armtools/bin/../lib/gcc/arm-atollic-eabi/6.3.1/../../../../arm-atollic-eabi/lib/armv7-m\libc_nano.a(lib_a-init.o)
 .debug_frame   0x00001144       0x20 c:/program files (x86)/atollic/truestudio for stm32 9.3.0/armtools/bin/../lib/gcc/arm-atollic-eabi/6.3.1/../../../../arm-atollic-eabi/lib/armv7-m\libc_nano.a(lib_a-memset.o)
