Archive member included to satisfy reference by file (symbol)

d:/programs/installed/curt apps/atolic/truestudio for stm32 9.3.0/armtools/bin/../lib/gcc/arm-atollic-eabi/6.3.1/../../../../arm-atollic-eabi/lib/armv7-m\libc_nano.a(lib_a-errno.o)
                              Src\syscalls.o (__errno)
d:/programs/installed/curt apps/atolic/truestudio for stm32 9.3.0/armtools/bin/../lib/gcc/arm-atollic-eabi/6.3.1/../../../../arm-atollic-eabi/lib/armv7-m\libc_nano.a(lib_a-impure.o)
                              d:/programs/installed/curt apps/atolic/truestudio for stm32 9.3.0/armtools/bin/../lib/gcc/arm-atollic-eabi/6.3.1/../../../../arm-atollic-eabi/lib/armv7-m\libc_nano.a(lib_a-errno.o) (_impure_ptr)
d:/programs/installed/curt apps/atolic/truestudio for stm32 9.3.0/armtools/bin/../lib/gcc/arm-atollic-eabi/6.3.1/../../../../arm-atollic-eabi/lib/armv7-m\libc_nano.a(lib_a-init.o)
                              startup\startup_stm32f103xb.o (__libc_init_array)
d:/programs/installed/curt apps/atolic/truestudio for stm32 9.3.0/armtools/bin/../lib/gcc/arm-atollic-eabi/6.3.1/../../../../arm-atollic-eabi/lib/armv7-m\libc_nano.a(lib_a-memset.o)
                              Drivers\STM32F1xx_HAL_Driver\Src\stm32f1xx_hal_rcc.o (memset)
d:/programs/installed/curt apps/atolic/truestudio for stm32 9.3.0/armtools/bin/../lib/gcc/arm-atollic-eabi/6.3.1/../../../../arm-atollic-eabi/lib/armv7-m\libc_nano.a(lib_a-sprintf.o)
                              Src\EVMS.o (sprintf)
d:/programs/installed/curt apps/atolic/truestudio for stm32 9.3.0/armtools/bin/../lib/gcc/arm-atollic-eabi/6.3.1/../../../../arm-atollic-eabi/lib/armv7-m\libc_nano.a(lib_a-nano-svfprintf.o)
                              d:/programs/installed/curt apps/atolic/truestudio for stm32 9.3.0/armtools/bin/../lib/gcc/arm-atollic-eabi/6.3.1/../../../../arm-atollic-eabi/lib/armv7-m\libc_nano.a(lib_a-sprintf.o) (_svfprintf_r)
d:/programs/installed/curt apps/atolic/truestudio for stm32 9.3.0/armtools/bin/../lib/gcc/arm-atollic-eabi/6.3.1/../../../../arm-atollic-eabi/lib/armv7-m\libc_nano.a(lib_a-nano-vfprintf_i.o)
                              d:/programs/installed/curt apps/atolic/truestudio for stm32 9.3.0/armtools/bin/../lib/gcc/arm-atollic-eabi/6.3.1/../../../../arm-atollic-eabi/lib/armv7-m\libc_nano.a(lib_a-nano-svfprintf.o) (_printf_i)
d:/programs/installed/curt apps/atolic/truestudio for stm32 9.3.0/armtools/bin/../lib/gcc/arm-atollic-eabi/6.3.1/../../../../arm-atollic-eabi/lib/armv7-m\libc_nano.a(lib_a-memchr-stub.o)
                              d:/programs/installed/curt apps/atolic/truestudio for stm32 9.3.0/armtools/bin/../lib/gcc/arm-atollic-eabi/6.3.1/../../../../arm-atollic-eabi/lib/armv7-m\libc_nano.a(lib_a-nano-svfprintf.o) (memchr)
d:/programs/installed/curt apps/atolic/truestudio for stm32 9.3.0/armtools/bin/../lib/gcc/arm-atollic-eabi/6.3.1/../../../../arm-atollic-eabi/lib/armv7-m\libc_nano.a(lib_a-memcpy-stub.o)
                              d:/programs/installed/curt apps/atolic/truestudio for stm32 9.3.0/armtools/bin/../lib/gcc/arm-atollic-eabi/6.3.1/../../../../arm-atollic-eabi/lib/armv7-m\libc_nano.a(lib_a-nano-svfprintf.o) (memcpy)
d:/programs/installed/curt apps/atolic/truestudio for stm32 9.3.0/armtools/bin/../lib/gcc/arm-atollic-eabi/6.3.1/../../../../arm-atollic-eabi/lib/armv7-m\libc_nano.a(lib_a-memmove.o)
                              d:/programs/installed/curt apps/atolic/truestudio for stm32 9.3.0/armtools/bin/../lib/gcc/arm-atollic-eabi/6.3.1/../../../../arm-atollic-eabi/lib/armv7-m\libc_nano.a(lib_a-nano-svfprintf.o) (memmove)
d:/programs/installed/curt apps/atolic/truestudio for stm32 9.3.0/armtools/bin/../lib/gcc/arm-atollic-eabi/6.3.1/../../../../arm-atollic-eabi/lib/armv7-m\libc_nano.a(lib_a-nano-freer.o)
                              d:/programs/installed/curt apps/atolic/truestudio for stm32 9.3.0/armtools/bin/../lib/gcc/arm-atollic-eabi/6.3.1/../../../../arm-atollic-eabi/lib/armv7-m\libc_nano.a(lib_a-nano-svfprintf.o) (_free_r)
d:/programs/installed/curt apps/atolic/truestudio for stm32 9.3.0/armtools/bin/../lib/gcc/arm-atollic-eabi/6.3.1/../../../../arm-atollic-eabi/lib/armv7-m\libc_nano.a(lib_a-nano-mallocr.o)
                              d:/programs/installed/curt apps/atolic/truestudio for stm32 9.3.0/armtools/bin/../lib/gcc/arm-atollic-eabi/6.3.1/../../../../arm-atollic-eabi/lib/armv7-m\libc_nano.a(lib_a-nano-svfprintf.o) (_malloc_r)
d:/programs/installed/curt apps/atolic/truestudio for stm32 9.3.0/armtools/bin/../lib/gcc/arm-atollic-eabi/6.3.1/../../../../arm-atollic-eabi/lib/armv7-m\libc_nano.a(lib_a-nano-reallocr.o)
                              d:/programs/installed/curt apps/atolic/truestudio for stm32 9.3.0/armtools/bin/../lib/gcc/arm-atollic-eabi/6.3.1/../../../../arm-atollic-eabi/lib/armv7-m\libc_nano.a(lib_a-nano-svfprintf.o) (_realloc_r)
d:/programs/installed/curt apps/atolic/truestudio for stm32 9.3.0/armtools/bin/../lib/gcc/arm-atollic-eabi/6.3.1/../../../../arm-atollic-eabi/lib/armv7-m\libc_nano.a(lib_a-sbrkr.o)
[...]
Memory Configuration

Name             Origin             Length             Attributes
RAM              0x20000000         0x00005000         xrw
FLASH            0x08000000         0x00010000         xr
*default*        0x00000000         0xffffffff

Linker script and memory map

LOAD d:/programs/installed/curt apps/atolic/truestudio for stm32 9.3.0/armtools/bin/../lib/gcc/arm-atollic-eabi/6.3.1/armv7-m/crti.o
LOAD d:/programs/installed/curt apps/atolic/truestudio for stm32 9.3.0/armtools/bin/../lib/gcc/arm-atollic-eabi/6.3.1/armv7-m/crtbegin.o
LOAD Drivers\STM32F1xx_HAL_Driver\Src\stm32f1xx_hal.o
LOAD Drivers\STM32F1xx_HAL_Driver\Src\stm32f1xx_hal_adc.o
LOAD Drivers\STM32F1xx_HAL_Driver\Src\stm32f1xx_hal_adc_ex.o
LOAD Drivers\STM32F1xx_HAL_Driver\Src\stm32f1xx_hal_cortex.o
LOAD Drivers\STM32F1xx_HAL_Driver\Src\stm32f1xx_hal_dma.o
LOAD Drivers\STM32F1xx_HAL_Driver\Src\stm32f1xx_hal_exti.o
LOAD Drivers\STM32F1xx_HAL_Driver\Src\stm32f1xx_hal_flash.o
LOAD Drivers\STM32F1xx_HAL_Driver\Src\stm32f1xx_hal_flash_ex.o
LOAD Drivers\STM32F1xx_HAL_Driver\Src\stm32f1xx_hal_gpio.o
LOAD Drivers\STM32F1xx_HAL_Driver\Src\stm32f1xx_hal_gpio_ex.o
LOAD Drivers\STM32F1xx_HAL_Driver\Src\stm32f1xx_hal_pwr.o
LOAD Drivers\STM32F1xx_HAL_Driver\Src\stm32f1xx_hal_rcc.o
LOAD Drivers\STM32F1xx_HAL_Driver\Src\stm32f1xx_hal_rcc_ex.o
LOAD Drivers\STM32F1xx_HAL_Driver\Src\stm32f1xx_hal_tim.o
LOAD Drivers\STM32F1xx_HAL_Driver\Src\stm32f1xx_hal_tim_ex.o
LOAD Drivers\STM32F1xx_HAL_Driver\Src\stm32f1xx_hal_uart.o
LOAD Src\EVMS.o
LOAD Src\main.o
LOAD Src\stm32f1xx_hal_msp.o
LOAD Src\stm32f1xx_it.o
LOAD Src\syscalls.o
LOAD Src\system_stm32f1xx.o
LOAD Src\utility_funcs.o
LOAD startup\startup_stm32f103xb.o
                0x00000080                malloc_getpagesize_P = 0x80
START GROUP
LOAD d:/programs/installed/curt apps/atolic/truestudio for stm32 9.3.0/armtools/bin/../lib/gcc/arm-atollic-eabi/6.3.1/../../../../arm-atollic-eabi/lib/armv7-m\libc_nano.a
LOAD d:/programs/installed/curt apps/atolic/truestudio for stm32 9.3.0/armtools/bin/../lib/gcc/arm-atollic-eabi/6.3.1/../../../../arm-atollic-eabi/lib/armv7-m\libm.a
END GROUP
START GROUP
LOAD d:/programs/installed/curt apps/atolic/truestudio for stm32 9.3.0/armtools/bin/../lib/gcc/arm-atollic-eabi/6.3.1/armv7-m\libgcc.a
LOAD d:/programs/installed/curt apps/atolic/truestudio for stm32 9.3.0/armtools/bin/../lib/gcc/arm-atollic-eabi/6.3.1/../../../../arm-atollic-eabi/lib/armv7-m\libc_nano.a
END GROUP
START GROUP
LOAD d:/programs/installed/curt apps/atolic/truestudio for stm32 9.3.0/armtools/bin/../lib/gcc/arm-atollic-eabi/6.3.1/armv7-m\libgcc.a
LOAD d:/programs/installed/curt apps/atolic/truestudio for stm32 9.3.0/armtools/bin/../lib/gcc/arm-atollic-eabi/6.3.1/../../../../arm-atollic-eabi/lib/armv7-m\libc_nano.a
LOAD d:/programs/installed/curt apps/atolic/truestudio for stm32 9.3.0/armtools/bin/../lib/gcc/arm-atollic-eabi/6.3.1/../../../../arm-atollic-eabi/lib/armv7-m\libnosys.a
END GROUP
START GROUP
LOAD d:/programs/installed/curt apps/atolic/truestudio for stm32 9.3.0/armtools/bin/../lib/gcc/arm-atollic-eabi/6.3.1/armv7-m\libgcc.a
LOAD d:/programs/installed/curt apps/atolic/truestudio for stm32 9.3.0/armtools/bin/../lib/gcc/arm-atollic-eabi/6.3.1/../../../../arm-atollic-eabi/lib/armv7-m\libc_nano.a
LOAD d:/programs/installed/curt apps/atolic/truestudio for stm32 9.3.0/armtools/bin/../lib/gcc/arm-atollic-eabi/6.3.1/../../../../arm-atollic-eabi/lib/armv7-m\libnosys.a
END GROUP
LOAD d:/programs/installed/curt apps/atolic/truestudio for stm32 9.3.0/armtools/bin/../lib/gcc/arm-atollic-eabi/6.3.1/armv7-m/crtend.o
LOAD d:/programs/installed/curt apps/atolic/truestudio for stm32 9.3.0/armtools/bin/../lib/gcc/arm-atollic-eabi/6.3.1/armv7-m/crtn.o
                0x20005000                _estack = 0x20005000
                0x00000200                _Min_Heap_Size = 0x200
                0x00000400                _Min_Stack_Size = 0x400

.isr_vector     0x08000000      0x10c
                0x08000000                . = ALIGN (0x4)
 *(.isr_vector)
 .isr_vector    0x08000000      0x10c startup\startup_stm32f103xb.o
                0x08000000                g_pfnVectors
                0x0800010c                . = ALIGN (0x4)

.text           0x08000110     0x3044
                0x08000110                . = ALIGN (0x4)
 *(.text)
 .text          0x08000110       0x40 d:/programs/installed/curt apps/atolic/truestudio for stm32 9.3.0/armtools/bin/../lib/gcc/arm-atollic-eabi/6.3.1/armv7-m/crtbegin.o
 .text          0x08000150      0x370 d:/programs/installed/curt apps/atolic/truestudio for stm32 9.3.0/armtools/bin/../lib/gcc/arm-atollic-eabi/6.3.1/armv7-m\libgcc.a(_arm_addsubdf3.o)
                0x08000150                __aeabi_drsub
                0x08000158                __aeabi_dsub
                0x08000158                __subdf3
                0x0800015c                __aeabi_dadd
                0x0800015c                __adddf3
                0x080003d4                __floatunsidf
                0x080003d4                __aeabi_ui2d
                0x080003f4                __floatsidf
                0x080003f4                __aeabi_i2d
                0x08000418                __aeabi_f2d
                0x08000418                __extendsfdf2
                0x08000454                __floatundidf
                0x08000454                __aeabi_ul2d
                0x08000464                __floatdidf
                0x08000464                __aeabi_l2d
 .text          0x080004c0      0x424 d:/programs/installed/curt apps/atolic/truestudio for stm32 9.3.0/armtools/bin/../lib/gcc/arm-atollic-eabi/6.3.1/armv7-m\libgcc.a(_arm_muldivdf3.o)
                0x080004c0                __aeabi_dmul
                0x080004c0                __muldf3
                0x08000714                __divdf3
                0x08000714                __aeabi_ddiv
 .text          0x080008e4      0x110 d:/programs/installed/curt apps/atolic/truestudio for stm32 9.3.0/armtools/bin/../lib/gcc/arm-atollic-eabi/6.3.1/armv7-m\libgcc.a(_arm_cmpdf2.o)
                0x080008e4                __gtdf2
                0x080008e4                __gedf2
                0x080008ec                __ltdf2
                0x080008ec                __ledf2
                0x080008f4                __nedf2
                0x080008f4                __eqdf2
                0x080008f4                __cmpdf2
                0x08000970                __aeabi_cdrcmple
                0x08000980                __aeabi_cdcmpeq
                0x08000980                __aeabi_cdcmple
                0x08000990                __aeabi_dcmpeq
                0x080009a4                __aeabi_dcmplt
                0x080009b8                __aeabi_dcmple
                0x080009cc                __aeabi_dcmpge
                0x080009e0                __aeabi_dcmpgt
 *(.text*)
 .text.HAL_InitTick
                0x080009f4       0x48 Drivers\STM32F1xx_HAL_Driver\Src\stm32f1xx_hal.o
                0x080009f4                HAL_InitTick
 .text.HAL_Init
                0x08000a3c       0x24 Drivers\STM32F1xx_HAL_Driver\Src\stm32f1xx_hal.o
                0x08000a3c                HAL_Init
 .text.HAL_IncTick
                0x08000a60       0x18 Drivers\STM32F1xx_HAL_Driver\Src\stm32f1xx_hal.o
                0x08000a60                HAL_IncTick
 .text.HAL_GetTick
                0x08000a78        0xc Drivers\STM32F1xx_HAL_Driver\Src\stm32f1xx_hal.o
                0x08000a78                HAL_GetTick
 .text.HAL_Delay
                0x08000a84       0x24 Drivers\STM32F1xx_HAL_Driver\Src\stm32f1xx_hal.o
                0x08000a84                HAL_Delay
 .text.HAL_ADC_ConvCpltCallback
                0x08000aa8        0x2 Drivers\STM32F1xx_HAL_Driver\Src\stm32f1xx_hal_adc.o
                0x08000aa8                HAL_ADC_ConvCpltCallback
 .text.ADC_DMAConvCplt
                0x08000aaa       0x4e Drivers\STM32F1xx_HAL_Driver\Src\stm32f1xx_hal_adc.o
                0x08000aaa                ADC_DMAConvCplt
 .text.HAL_ADC_ConvHalfCpltCallback
                0x08000af8        0x2 Drivers\STM32F1xx_HAL_Driver\Src\stm32f1xx_hal_adc.o
                0x08000af8                HAL_ADC_ConvHalfCpltCallback
 .text.ADC_DMAHalfConvCplt
                0x08000afa        0xa Drivers\STM32F1xx_HAL_Driver\Src\stm32f1xx_hal_adc.o
                0x08000afa                ADC_DMAHalfConvCplt
 .text.HAL_ADC_ErrorCallback
                0x08000b04        0x2 Drivers\STM32F1xx_HAL_Driver\Src\stm32f1xx_hal_adc.o
                0x08000b04                HAL_ADC_ErrorCallback
 .text.ADC_DMAError
                0x08000b06       0x1a Drivers\STM32F1xx_HAL_Driver\Src\stm32f1xx_hal_adc.o
                0x08000b06                ADC_DMAError
 .text.HAL_ADC_ConfigChannel
                0x08000b20      0x108 Drivers\STM32F1xx_HAL_Driver\Src\stm32f1xx_hal_adc.o
                0x08000b20                HAL_ADC_ConfigChannel
 .text.ADC_Enable
                0x08000c28       0x70 Drivers\STM32F1xx_HAL_Driver\Src\stm32f1xx_hal_adc.o
                0x08000c28                ADC_Enable
 .text.HAL_ADC_Start_DMA
                0x08000c98      0x11c Drivers\STM32F1xx_HAL_Driver\Src\stm32f1xx_hal_adc.o
                0x08000c98                HAL_ADC_Start_DMA
 .text.ADC_ConversionStop_Disable
                0x08000db4       0x44 Drivers\STM32F1xx_HAL_Driver\Src\stm32f1xx_hal_adc.o
                0x08000db4                ADC_ConversionStop_Disable
 .text.HAL_ADC_Init
                0x08000df8      0x100 Drivers\STM32F1xx_HAL_Driver\Src\stm32f1xx_hal_adc.o
                0x08000df8                HAL_ADC_Init
 .text.HAL_NVIC_SetPriorityGrouping
                0x08000ef8       0x24 Drivers\STM32F1xx_HAL_Driver\Src\stm32f1xx_hal_cortex.o
                0x08000ef8                HAL_NVIC_SetPriorityGrouping
 .text.HAL_NVIC_SetPriority
                0x08000f1c       0x68 Drivers\STM32F1xx_HAL_Driver\Src\stm32f1xx_hal_cortex.o
                0x08000f1c                HAL_NVIC_SetPriority
 .text.HAL_NVIC_EnableIRQ
                0x08000f84       0x1c Drivers\STM32F1xx_HAL_Driver\Src\stm32f1xx_hal_cortex.o
                0x08000f84                HAL_NVIC_EnableIRQ
 .text.HAL_SYSTICK_Config
                0x08000fa0       0x2c Drivers\STM32F1xx_HAL_Driver\Src\stm32f1xx_hal_cortex.o
                0x08000fa0                HAL_SYSTICK_Config
 .text.HAL_DMA_Init
                0x08000fcc       0x60 Drivers\STM32F1xx_HAL_Driver\Src\stm32f1xx_hal_dma.o
                0x08000fcc                HAL_DMA_Init
 .text.HAL_DMA_Start_IT
                0x0800102c       0x7a Drivers\STM32F1xx_HAL_Driver\Src\stm32f1xx_hal_dma.o
                0x0800102c                HAL_DMA_Start_IT
 *fill*         0x080010a6        0x2 
 .text.HAL_DMA_IRQHandler
                0x080010a8      0x128 Drivers\STM32F1xx_HAL_Driver\Src\stm32f1xx_hal_dma.o
                0x080010a8                HAL_DMA_IRQHandler
 .text.HAL_GPIO_Init
                0x080011d0      0x1c4 Drivers\STM32F1xx_HAL_Driver\Src\stm32f1xx_hal_gpio.o
                0x080011d0                HAL_GPIO_Init
 .text.HAL_GPIO_ReadPin
                0x08001394        0xc Drivers\STM32F1xx_HAL_Driver\Src\stm32f1xx_hal_gpio.o
                0x08001394                HAL_GPIO_ReadPin
 .text.HAL_GPIO_WritePin
                0x080013a0        0xa Drivers\STM32F1xx_HAL_Driver\Src\stm32f1xx_hal_gpio.o
                0x080013a0                HAL_GPIO_WritePin
 *fill*         0x080013aa        0x2 
 .text.HAL_RCC_OscConfig
                0x080013ac      0x33c Drivers\STM32F1xx_HAL_Driver\Src\stm32f1xx_hal_rcc.o
                0x080013ac                HAL_RCC_OscConfig
 .text.HAL_RCC_GetSysClockFreq
                0x080016e8       0x78 Drivers\STM32F1xx_HAL_Driver\Src\stm32f1xx_hal_rcc.o
                0x080016e8                HAL_RCC_GetSysClockFreq
 .text.HAL_RCC_ClockConfig
                0x08001760      0x13c Drivers\STM32F1xx_HAL_Driver\Src\stm32f1xx_hal_rcc.o
                0x08001760                HAL_RCC_ClockConfig
 .text.HAL_RCC_GetPCLK1Freq
                0x0800189c       0x20 Drivers\STM32F1xx_HAL_Driver\Src\stm32f1xx_hal_rcc.o
                0x0800189c                HAL_RCC_GetPCLK1Freq
 .text.HAL_RCC_GetPCLK2Freq
                0x080018bc       0x20 Drivers\STM32F1xx_HAL_Driver\Src\stm32f1xx_hal_rcc.o
                0x080018bc                HAL_RCC_GetPCLK2Freq
 .text.HAL_RCCEx_PeriphCLKConfig
                0x080018dc       0xf0 Drivers\STM32F1xx_HAL_Driver\Src\stm32f1xx_hal_rcc_ex.o
                0x080018dc                HAL_RCCEx_PeriphCLKConfig
 .text.TIM_OC1_SetConfig
                0x080019cc       0x50 Drivers\STM32F1xx_HAL_Driver\Src\stm32f1xx_hal_tim.o
 .text.TIM_OC3_SetConfig
                0x08001a1c       0x54 Drivers\STM32F1xx_HAL_Driver\Src\stm32f1xx_hal_tim.o
 .text.TIM_OC4_SetConfig
                0x08001a70       0x44 Drivers\STM32F1xx_HAL_Driver\Src\stm32f1xx_hal_tim.o
 .text.HAL_TIM_Base_Start
                0x08001ab4       0x4c Drivers\STM32F1xx_HAL_Driver\Src\stm32f1xx_hal_tim.o
                0x08001ab4                HAL_TIM_Base_Start
 .text.TIM_Base_SetConfig
                0x08001b00       0x70 Drivers\STM32F1xx_HAL_Driver\Src\stm32f1xx_hal_tim.o
                0x08001b00                TIM_Base_SetConfig
 .text.HAL_TIM_PWM_Init
                0x08001b70       0x58 Drivers\STM32F1xx_HAL_Driver\Src\stm32f1xx_hal_tim.o
                0x08001b70                HAL_TIM_PWM_Init
 .text.TIM_OC2_SetConfig
                0x08001bc8       0x58 Drivers\STM32F1xx_HAL_Driver\Src\stm32f1xx_hal_tim.o
                0x08001bc8                TIM_OC2_SetConfig
 .text.HAL_TIM_PWM_ConfigChannel
                0x08001c20       0xba Drivers\STM32F1xx_HAL_Driver\Src\stm32f1xx_hal_tim.o
                0x08001c20                HAL_TIM_PWM_ConfigChannel
 .text.TIM_CCxChannelCmd
                0x08001cda       0x1c Drivers\STM32F1xx_HAL_Driver\Src\stm32f1xx_hal_tim.o
                0x08001cda                TIM_CCxChannelCmd
 *fill*         0x08001cf6        0x2 
 .text.HAL_TIM_PWM_Start
                0x08001cf8       0x9c Drivers\STM32F1xx_HAL_Driver\Src\stm32f1xx_hal_tim.o
                0x08001cf8                HAL_TIM_PWM_Start
 .text.HAL_TIMEx_MasterConfigSynchronization
                0x08001d94       0x64 Drivers\STM32F1xx_HAL_Driver\Src\stm32f1xx_hal_tim_ex.o
                0x08001d94                HAL_TIMEx_MasterConfigSynchronization
 .text.UART_SetConfig
                0x08001df8       0x74 Drivers\STM32F1xx_HAL_Driver\Src\stm32f1xx_hal_uart.o
 .text.UART_WaitOnFlagUntilTimeout.constprop.3
                0x08001e6c       0x50 Drivers\STM32F1xx_HAL_Driver\Src\stm32f1xx_hal_uart.o
 .text.HAL_UART_Init
                0x08001ebc       0x5c Drivers\STM32F1xx_HAL_Driver\Src\stm32f1xx_hal_uart.o
                0x08001ebc                HAL_UART_Init
 .text.HAL_UART_Transmit
                0x08001f18       0xb4 Drivers\STM32F1xx_HAL_Driver\Src\stm32f1xx_hal_uart.o
                0x08001f18                HAL_UART_Transmit
 .text.uint16_t_Read_APPS1
                0x08001fcc       0x18 Src\EVMS.o
                0x08001fcc                uint16_t_Read_APPS1
 .text.uint16_t_Read_APPS2
                0x08001fe4       0x18 Src\EVMS.o
                0x08001fe4                uint16_t_Read_APPS2
 .text.Check_Activasion_Logic
                0x08001ffc       0x7c Src\EVMS.o
                0x08001ffc                Check_Activasion_Logic
 .text.EVMS_Init
                0x08002078       0x14 Src\EVMS.o
                0x08002078                EVMS_Init
 .text.IDLE_Func
                0x0800208c       0x64 Src\EVMS.o
                0x0800208c                IDLE_Func
 .text.PRECHARGE_Func
                0x080020f0       0x50 Src\EVMS.o
                0x080020f0                PRECHARGE_Func
 .text.DISCHARGE_Func
                0x08002140       0x70 Src\EVMS.o
                0x08002140                DISCHARGE_Func
 .text.ErrorAction
                0x080021b0       0x10 Src\EVMS.o
                0x080021b0                ErrorAction
 .text.Check_APPS
                0x080021c0       0x70 Src\EVMS.o
                0x080021c0                Check_APPS
 .text.NEUTRAL_Func
                0x08002230       0xa4 Src\EVMS.o
                0x08002230                NEUTRAL_Func
 .text.DRIVE_Func
                0x080022d4       0x7c Src\EVMS.o
                0x080022d4                DRIVE_Func
 .text.loop     0x08002350       0x6c Src\EVMS.o
                0x08002350                loop
 .text.SystemClock_Config
                0x080023bc       0x70 Src\main.o
                0x080023bc                SystemClock_Config
 .text.startup.main
                0x0800242c      0x1e4 Src\main.o
                0x0800242c                main
 .text.Error_Handler
                0x08002610        0x2 Src\main.o
                0x08002610                Error_Handler
 *fill*         0x08002612        0x2 
 .text.HAL_MspInit
                0x08002614       0x44 Src\stm32f1xx_hal_msp.o
                0x08002614                HAL_MspInit
 .text.HAL_ADC_MspInit
                0x08002658       0x98 Src\stm32f1xx_hal_msp.o
                0x08002658                HAL_ADC_MspInit
 .text.HAL_TIM_PWM_MspInit
                0x080026f0       0x28 Src\stm32f1xx_hal_msp.o
                0x080026f0                HAL_TIM_PWM_MspInit
 .text.HAL_TIM_MspPostInit
                0x08002718       0x4c Src\stm32f1xx_hal_msp.o
                0x08002718                HAL_TIM_MspPostInit
 .text.HAL_UART_MspInit
                0x08002764       0x78 Src\stm32f1xx_hal_msp.o
                0x08002764                HAL_UART_MspInit
 .text.NMI_Handler
                0x080027dc        0x2 Src\stm32f1xx_it.o
                0x080027dc                NMI_Handler
 .text.HardFault_Handler
                0x080027de        0x2 Src\stm32f1xx_it.o
                0x080027de                HardFault_Handler
 .text.MemManage_Handler
                0x080027e0        0x2 Src\stm32f1xx_it.o
                0x080027e0                MemManage_Handler
 .text.BusFault_Handler
                0x080027e2        0x2 Src\stm32f1xx_it.o
                0x080027e2                BusFault_Handler
 .text.UsageFault_Handler
                0x080027e4        0x2 Src\stm32f1xx_it.o
                0x080027e4                UsageFault_Handler
 .text.SVC_Handler
                0x080027e6        0x2 Src\stm32f1xx_it.o
                0x080027e6                SVC_Handler
 .text.DebugMon_Handler
                0x080027e8        0x2 Src\stm32f1xx_it.o
                0x080027e8                DebugMon_Handler
 .text.PendSV_Handler
                0x080027ea        0x2 Src\stm32f1xx_it.o
                0x080027ea                PendSV_Handler
 .text.SysTick_Handler
                0x080027ec        0x4 Src\stm32f1xx_it.o
                0x080027ec                SysTick_Handler
 .text.DMA1_Channel1_IRQHandler
                0x080027f0        0xc Src\stm32f1xx_it.o
                0x080027f0                DMA1_Channel1_IRQHandler
 .text._sbrk    0x080027fc       0x34 Src\syscalls.o
                0x080027fc                _sbrk
 .text.SystemInit
                0x08002830        0x2 Src\system_stm32f1xx.o
                0x08002830                SystemInit
 *fill*         0x08002832        0x2 
 .text.Reset_Handler
                0x08002834       0x48 startup\startup_stm32f103xb.o
                0x08002834                Reset_Handler
 .text.Default_Handler
                0x0800287c        0x2 startup\startup_stm32f103xb.o
                0x0800287c                RTC_Alarm_IRQHandler
                0x0800287c                EXTI2_IRQHandler
                0x0800287c                TIM1_CC_IRQHandler
                0x0800287c                PVD_IRQHandler
                0x0800287c                EXTI3_IRQHandler
                0x0800287c                EXTI0_IRQHandler
                0x0800287c                I2C2_EV_IRQHandler
                0x0800287c                ADC1_2_IRQHandler
                0x0800287c                SPI1_IRQHandler
                0x0800287c                TAMPER_IRQHandler
                0x0800287c                DMA1_Channel4_IRQHandler
                0x0800287c                USART3_IRQHandler
                0x0800287c                RTC_IRQHandler
                0x0800287c                DMA1_Channel7_IRQHandler
                0x0800287c                CAN1_RX1_IRQHandler
                0x0800287c                TIM4_IRQHandler
                0x0800287c                I2C1_EV_IRQHandler
                0x0800287c                DMA1_Channel6_IRQHandler
                0x0800287c                TIM3_IRQHandler
                0x0800287c                RCC_IRQHandler
                0x0800287c                TIM1_TRG_COM_IRQHandler
                0x0800287c                Default_Handler
                0x0800287c                EXTI15_10_IRQHandler
                0x0800287c                EXTI9_5_IRQHandler
                0x0800287c                SPI2_IRQHandler
                0x0800287c                DMA1_Channel5_IRQHandler
                0x0800287c                EXTI4_IRQHandler
                0x0800287c                USB_LP_CAN1_RX0_IRQHandler
                0x0800287c                USB_HP_CAN1_TX_IRQHandler
                0x0800287c                DMA1_Channel3_IRQHandler
                0x0800287c                TIM1_UP_IRQHandler
                0x0800287c                WWDG_IRQHandler
                0x0800287c                TIM2_IRQHandler
                0x0800287c                TIM1_BRK_IRQHandler
                0x0800287c                EXTI1_IRQHandler
                0x0800287c                USART2_IRQHandler
                0x0800287c                I2C2_ER_IRQHandler
                0x0800287c                DMA1_Channel2_IRQHandler
                0x0800287c                CAN1_SCE_IRQHandler
                0x0800287c                FLASH_IRQHandler
                0x0800287c                USART1_IRQHandler
                0x0800287c                I2C1_ER_IRQHandler
                0x0800287c                USBWakeUp_IRQHandler
 *fill*         0x0800287e        0x2 
 .text.__errno  0x08002880        0xc d:/programs/installed/curt apps/atolic/truestudio for stm32 9.3.0/armtools/bin/../lib/gcc/arm-atollic-eabi/6.3.1/../../../../arm-atollic-eabi/lib/armv7-m\libc_nano.a(lib_a-errno.o)
                0x08002880                __errno
 .text.__libc_init_array
                0x0800288c       0x48 d:/programs/installed/curt apps/atolic/truestudio for stm32 9.3.0/armtools/bin/../lib/gcc/arm-atollic-eabi/6.3.1/../../../../arm-atollic-eabi/lib/armv7-m\libc_nano.a(lib_a-init.o)
                0x0800288c                __libc_init_array
 .text.memset   0x080028d4       0x10 d:/programs/installed/curt apps/atolic/truestudio for stm32 9.3.0/armtools/bin/../lib/gcc/arm-atollic-eabi/6.3.1/../../../../arm-atollic-eabi/lib/armv7-m\libc_nano.a(lib_a-memset.o)
                0x080028d4                memset
 .text.sprintf  0x080028e4       0x48 d:/programs/installed/curt apps/atolic/truestudio for stm32 9.3.0/armtools/bin/../lib/gcc/arm-atollic-eabi/6.3.1/../../../../arm-atollic-eabi/lib/armv7-m\libc_nano.a(lib_a-sprintf.o)
                0x080028e4                siprintf
                0x080028e4                sprintf
 .text.__ssputs_r
                0x0800292c       0xb6 d:/programs/installed/curt apps/atolic/truestudio for stm32 9.3.0/armtools/bin/../lib/gcc/arm-atollic-eabi/6.3.1/../../../../arm-atollic-eabi/lib/armv7-m\libc_nano.a(lib_a-nano-svfprintf.o)
                0x0800292c                __ssputs_r
 *fill*         0x080029e2        0x2 
 .text._svfprintf_r
                0x080029e4      0x1e8 d:/programs/installed/curt apps/atolic/truestudio for stm32 9.3.0/armtools/bin/../lib/gcc/arm-atollic-eabi/6.3.1/../../../../arm-atollic-eabi/lib/armv7-m\libc_nano.a(lib_a-nano-svfprintf.o)
                0x080029e4                _svfiprintf_r
                0x080029e4                _svfprintf_r
 .text._printf_common
                0x08002bcc       0xee d:/programs/installed/curt apps/atolic/truestudio for stm32 9.3.0/armtools/bin/../lib/gcc/arm-atollic-eabi/6.3.1/../../../../arm-atollic-eabi/lib/armv7-m\libc_nano.a(lib_a-nano-vfprintf_i.o)
                0x08002bcc                _printf_common
 *fill*         0x08002cba        0x2 
 .text._printf_i
                0x08002cbc      0x240 d:/programs/installed/curt apps/atolic/truestudio for stm32 9.3.0/armtools/bin/../lib/gcc/arm-atollic-eabi/6.3.1/../../../../arm-atollic-eabi/lib/armv7-m\libc_nano.a(lib_a-nano-vfprintf_i.o)
                0x08002cbc                _printf_i
 .text.memchr   0x08002efc       0x1c d:/programs/installed/curt apps/atolic/truestudio for stm32 9.3.0/armtools/bin/../lib/gcc/arm-atollic-eabi/6.3.1/../../../../arm-atollic-eabi/lib/armv7-m\libc_nano.a(lib_a-memchr-stub.o)
                0x08002efc                memchr
 .text.memcpy   0x08002f18       0x16 d:/programs/installed/curt apps/atolic/truestudio for stm32 9.3.0/armtools/bin/../lib/gcc/arm-atollic-eabi/6.3.1/../../../../arm-atollic-eabi/lib/armv7-m\libc_nano.a(lib_a-memcpy-stub.o)
                0x08002f18                memcpy
 .text.memmove  0x08002f2e       0x34 d:/programs/installed/curt apps/atolic/truestudio for stm32 9.3.0/armtools/bin/../lib/gcc/arm-atollic-eabi/6.3.1/../../../../arm-atollic-eabi/lib/armv7-m\libc_nano.a(lib_a-memmove.o)
                0x08002f2e                memmove
 *fill*         0x08002f62        0x2 
 .text._free_r  0x08002f64       0x98 d:/programs/installed/curt apps/atolic/truestudio for stm32 9.3.0/armtools/bin/../lib/gcc/arm-atollic-eabi/6.3.1/../../../../arm-atollic-eabi/lib/armv7-m\libc_nano.a(lib_a-nano-freer.o)
                0x08002f64                _free_r
 .text._malloc_r
                0x08002ffc       0xbc d:/programs/installed/curt apps/atolic/truestudio for stm32 9.3.0/armtools/bin/../lib/gcc/arm-atollic-eabi/6.3.1/../../../../arm-atollic-eabi/lib/armv7-m\libc_nano.a(lib_a-nano-mallocr.o)
                0x08002ffc                _malloc_r
 .text._realloc_r
                0x080030b8       0x4c d:/programs/installed/curt apps/atolic/truestudio for stm32 9.3.0/armtools/bin/../lib/gcc/arm-atollic-eabi/6.3.1/../../../../arm-atollic-eabi/lib/armv7-m\libc_nano.a(lib_a-nano-reallocr.o)
                0x080030b8                _realloc_r
 .text._sbrk_r  0x08003104       0x20 d:/programs/installed/curt apps/atolic/truestudio for stm32 9.3.0/armtools/bin/../lib/gcc/arm-atollic-eabi/6.3.1/../../../../arm-atollic-eabi/lib/armv7-m\libc_nano.a(lib_a-sbrkr.o)
                0x08003104                _sbrk_r
 .text.__malloc_lock
                0x08003124        0x2 d:/programs/installed/curt apps/atolic/truestudio for stm32 9.3.0/armtools/bin/../lib/gcc/arm-atollic-eabi/6.3.1/../../../../arm-atollic-eabi/lib/armv7-m\libc_nano.a(lib_a-mlock.o)
                0x08003124                __malloc_lock
 .text.__malloc_unlock
                0x08003126        0x2 d:/programs/installed/curt apps/atolic/truestudio for stm32 9.3.0/armtools/bin/../lib/gcc/arm-atollic-eabi/6.3.1/../../../../arm-atollic-eabi/lib/armv7-m\libc_nano.a(lib_a-mlock.o)
                0x08003126                __malloc_unlock
 .text._malloc_usable_size_r
                0x08003128       0x12 d:/programs/installed/curt apps/atolic/truestudio for stm32 9.3.0/armtools/bin/../lib/gcc/arm-atollic-eabi/6.3.1/../../../../arm-atollic-eabi/lib/armv7-m\libc_nano.a(lib_a-nano-msizer.o)
                0x08003128                _malloc_usable_size_r
 *(.glue_7)
 .glue_7        0x0800313a        0x0 linker stubs
 *(.glue_7t)
 .glue_7t       0x0800313a        0x0 linker stubs
 *(.eh_frame)
 *fill*         0x0800313a        0x2 
 .eh_frame      0x0800313c        0x0 d:/programs/installed/curt apps/atolic/truestudio for stm32 9.3.0/armtools/bin/../lib/gcc/arm-atollic-eabi/6.3.1/armv7-m/crtbegin.o
 *(.init)
 .init          0x0800313c        0x4 d:/programs/installed/curt apps/atolic/truestudio for stm32 9.3.0/armtools/bin/../lib/gcc/arm-atollic-eabi/6.3.1/armv7-m/crti.o
                0x0800313c                _init
 .init          0x08003140        0x8 d:/programs/installed/curt apps/atolic/truestudio for stm32 9.3.0/armtools/bin/../lib/gcc/arm-atollic-eabi/6.3.1/armv7-m/crtn.o
 *(.fini)
 .fini          0x08003148        0x4 d:/programs/installed/curt apps/atolic/truestudio for stm32 9.3.0/armtools/bin/../lib/gcc/arm-atollic-eabi/6.3.1/armv7-m/crti.o
                0x08003148                _fini
 .fini          0x0800314c        0x8 d:/programs/installed/curt apps/atolic/truestudio for stm32 9.3.0/armtools/bin/../lib/gcc/arm-atollic-eabi/6.3.1/armv7-m/crtn.o
                0x08003154                . = ALIGN (0x4)
                0x08003154                _etext = .

.vfp11_veneer   0x08003154        0x0
 .vfp11_veneer  0x08003154        0x0 linker stubs

.v4_bx          0x08003154        0x0
 .v4_bx         0x08003154        0x0 linker stubs

.iplt           0x08003154        0x0
 .iplt          0x08003154        0x0 d:/programs/installed/curt apps/atolic/truestudio for stm32 9.3.0/armtools/bin/../lib/gcc/arm-atollic-eabi/6.3.1/armv7-m/crtbegin.o

.rodata         0x08003154       0x60
                0x08003154                . = ALIGN (0x4)
 *(.rodata)
 .rodata        0x08003154       0x10 Drivers\STM32F1xx_HAL_Driver\Src\stm32f1xx_hal_rcc.o
 *(.rodata*)
 .rodata.loop.str1.1
                0x08003164        0x5 Src\EVMS.o
 .rodata.AHBPrescTable
                0x08003169       0x10 Src\system_stm32f1xx.o
                0x08003169                AHBPrescTable
 .rodata.APBPrescTable
                0x08003179        0x8 Src\system_stm32f1xx.o
                0x08003179                APBPrescTable
 .rodata._svfprintf_r.str1.1
                0x08003181       0x11 d:/programs/installed/curt apps/atolic/truestudio for stm32 9.3.0/armtools/bin/../lib/gcc/arm-atollic-eabi/6.3.1/../../../../arm-atollic-eabi/lib/armv7-m\libc_nano.a(lib_a-nano-svfprintf.o)
 .rodata._printf_i.str1.1
                0x08003192       0x22 d:/programs/installed/curt apps/atolic/truestudio for stm32 9.3.0/armtools/bin/../lib/gcc/arm-atollic-eabi/6.3.1/../../../../arm-atollic-eabi/lib/armv7-m\libc_nano.a(lib_a-nano-vfprintf_i.o)
                0x080031b4                . = ALIGN (0x4)

.rel.dyn        0x080031b4        0x0
 .rel.iplt      0x080031b4        0x0 d:/programs/installed/curt apps/atolic/truestudio for stm32 9.3.0/armtools/bin/../lib/gcc/arm-atollic-eabi/6.3.1/armv7-m/crtbegin.o

.ARM.extab
 *(.ARM.extab* .gnu.linkonce.armextab.*)

.ARM            0x080031b4        0x0
                0x080031b4                __exidx_start = .
 *(.ARM.exidx*)
                0x080031b4                __exidx_end = .

.preinit_array  0x080031b4        0x0
                0x080031b4                PROVIDE (__preinit_array_start, .)
 *(.preinit_array*)
                0x080031b4                PROVIDE (__preinit_array_end, .)

.init_array     0x080031b4        0x4
                0x080031b4                PROVIDE (__init_array_start, .)
 *(SORT(.init_array.*))
 *(.init_array*)
 .init_array    0x080031b4        0x4 d:/programs/installed/curt apps/atolic/truestudio for stm32 9.3.0/armtools/bin/../lib/gcc/arm-atollic-eabi/6.3.1/armv7-m/crtbegin.o
                0x080031b8                PROVIDE (__init_array_end, .)

.fini_array     0x080031b8        0x4
                [!provide]                PROVIDE (__fini_array_start, .)
 *(SORT(.fini_array.*))
 *(.fini_array*)
 .fini_array    0x080031b8        0x4 d:/programs/installed/curt apps/atolic/truestudio for stm32 9.3.0/armtools/bin/../lib/gcc/arm-atollic-eabi/6.3.1/armv7-m/crtbegin.o
                [!provide]                PROVIDE (__fini_array_end, .)
                0x080031bc                _sidata = LOADADDR (.data)

.data           0x20000000       0x70 load address 0x080031bc
                0x20000000                . = ALIGN (0x4)
                0x20000000                _sdata = .
 *(.data)
 *(.data*)
 .data.uwTickFreq
                0x20000000        0x1 Drivers\STM32F1xx_HAL_Driver\Src\stm32f1xx_hal.o
                0x20000000                uwTickFreq
 *fill*         0x20000001        0x3 
 .data.uwTickPrio
                0x20000004        0x4 Drivers\STM32F1xx_HAL_Driver\Src\stm32f1xx_hal.o
                0x20000004                uwTickPrio
 .data.SystemCoreClock
                0x20000008        0x4 Src\system_stm32f1xx.o
                0x20000008                SystemCoreClock
 .data._impure_ptr
                0x2000000c        0x4 d:/programs/installed/curt apps/atolic/truestudio for stm32 9.3.0/armtools/bin/../lib/gcc/arm-atollic-eabi/6.3.1/../../../../arm-atollic-eabi/lib/armv7-m\libc_nano.a(lib_a-impure.o)
                0x2000000c                _impure_ptr
 .data.impure_data
                0x20000010       0x60 d:/programs/installed/curt apps/atolic/truestudio for stm32 9.3.0/armtools/bin/../lib/gcc/arm-atollic-eabi/6.3.1/../../../../arm-atollic-eabi/lib/armv7-m\libc_nano.a(lib_a-impure.o)
                0x20000070                . = ALIGN (0x4)
                0x20000070                _edata = .

.igot.plt       0x20000070        0x0 load address 0x0800322c
 .igot.plt      0x20000070        0x0 d:/programs/installed/curt apps/atolic/truestudio for stm32 9.3.0/armtools/bin/../lib/gcc/arm-atollic-eabi/6.3.1/armv7-m/crtbegin.o
                0x20000070                . = ALIGN (0x4)

.bss            0x20000070      0x16c load address 0x0800322c
                0x20000070                _sbss = .
                0x20000070                __bss_start__ = _sbss
 *(.bss)
 .bss           0x20000070       0x1c d:/programs/installed/curt apps/atolic/truestudio for stm32 9.3.0/armtools/bin/../lib/gcc/arm-atollic-eabi/6.3.1/armv7-m/crtbegin.o
 *(.bss*)
 .bss.currStateM
                0x2000008c        0x1 Src\EVMS.o
                0x2000008c                currStateM
 .bss.nextStateM
                0x2000008d        0x1 Src\EVMS.o
                0x2000008d                nextStateM
 *fill*         0x2000008e        0x2 
 .bss.heap_end.5887
                0x20000090        0x4 Src\syscalls.o
 .bss.__malloc_free_list
                0x20000094        0x4 d:/programs/installed/curt apps/atolic/truestudio for stm32 9.3.0/armtools/bin/../lib/gcc/arm-atollic-eabi/6.3.1/../../../../arm-atollic-eabi/lib/armv7-m\libc_nano.a(lib_a-nano-mallocr.o)
                0x20000094                __malloc_free_list
 .bss.__malloc_sbrk_start
                0x20000098        0x4 d:/programs/installed/curt apps/atolic/truestudio for stm32 9.3.0/armtools/bin/../lib/gcc/arm-atollic-eabi/6.3.1/../../../../arm-atollic-eabi/lib/armv7-m\libc_nano.a(lib_a-nano-mallocr.o)
                0x20000098                __malloc_sbrk_start
 *(COMMON)
 COMMON         0x2000009c        0x4 Drivers\STM32F1xx_HAL_Driver\Src\stm32f1xx_hal.o
                0x2000009c                uwTick
 COMMON         0x200000a0      0x136 Src\EVMS.o
                0x200000a0                huart3
                0x200000e0                htim3
                0x20000128                hadc1
                0x20000158                UART_massage
                0x2000018c                hdma_adc1
                0x200001d0                ADC_values
 *fill*         0x200001d6        0x2 
 COMMON         0x200001d8        0x4 d:/programs/installed/curt apps/atolic/truestudio for stm32 9.3.0/armtools/bin/../lib/gcc/arm-atollic-eabi/6.3.1/../../../../arm-atollic-eabi/lib/armv7-m\libc_nano.a(lib_a-reent.o)
                0x200001d8                errno
                0x200001dc                . = ALIGN (0x4)
                0x200001dc                _ebss = .
                0x200001dc                __bss_end__ = _ebss

._user_heap_stack
                0x200001dc      0x600 load address 0x0800322c
                0x200001dc                . = ALIGN (0x4)
                0x200001dc                PROVIDE (end, .)
                [!provide]                PROVIDE (_end, .)
                0x200003dc                . = (. + _Min_Heap_Size)
 *fill*         0x200001dc      0x200 
                0x200007dc                . = (. + _Min_Stack_Size)
 *fill*         0x200003dc      0x400 
                0x200007dc                . = ALIGN (0x4)

/DISCARD/
 libc.a(*)
 libm.a(*)
 libgcc.a(*)

.ARM.attributes
                0x00000000       0x29
 *(.ARM.attributes)
 .ARM.attributes
                0x00000000       0x1d d:/programs/installed/curt apps/atolic/truestudio for stm32 9.3.0/armtools/bin/../lib/gcc/arm-atollic-eabi/6.3.1/armv7-m/crti.o
 .ARM.attributes
                0x0000001d       0x2d d:/programs/installed/curt apps/atolic/truestudio for stm32 9.3.0/armtools/bin/../lib/gcc/arm-atollic-eabi/6.3.1/armv7-m/crtbegin.o
 .ARM.attributes
                0x0000004a       0x33 Drivers\STM32F1xx_HAL_Driver\Src\stm32f1xx_hal.o
 .ARM.attributes
                0x0000007d       0x33 Drivers\STM32F1xx_HAL_Driver\Src\stm32f1xx_hal_adc.o
 .ARM.attributes
                0x000000b0       0x33 Drivers\STM32F1xx_HAL_Driver\Src\stm32f1xx_hal_cortex.o
 .ARM.attributes
                0x000000e3       0x33 Drivers\STM32F1xx_HAL_Driver\Src\stm32f1xx_hal_dma.o
 .ARM.attributes
                0x00000116       0x33 Drivers\STM32F1xx_HAL_Driver\Src\stm32f1xx_hal_gpio.o
 .ARM.attributes
                0x00000149       0x33 Drivers\STM32F1xx_HAL_Driver\Src\stm32f1xx_hal_rcc.o
 .ARM.attributes
                0x0000017c       0x33 Drivers\STM32F1xx_HAL_Driver\Src\stm32f1xx_hal_rcc_ex.o
 .ARM.attributes
                0x000001af       0x33 Drivers\STM32F1xx_HAL_Driver\Src\stm32f1xx_hal_tim.o
 .ARM.attributes
                0x000001e2       0x33 Drivers\STM32F1xx_HAL_Driver\Src\stm32f1xx_hal_tim_ex.o
 .ARM.attributes
                0x00000215       0x33 Drivers\STM32F1xx_HAL_Driver\Src\stm32f1xx_hal_uart.o
 .ARM.attributes
                0x00000248       0x33 Src\EVMS.o
 .ARM.attributes
                0x0000027b       0x33 Src\main.o
 .ARM.attributes
                0x000002ae       0x33 Src\stm32f1xx_hal_msp.o
 .ARM.attributes
                0x000002e1       0x33 Src\stm32f1xx_it.o
 .ARM.attributes
                0x00000314       0x33 Src\syscalls.o
 .ARM.attributes
                0x00000347       0x33 Src\system_stm32f1xx.o
 .ARM.attributes
                0x0000037a       0x21 startup\startup_stm32f103xb.o
 .ARM.attributes
                0x0000039b       0x2d d:/programs/installed/curt apps/atolic/truestudio for stm32 9.3.0/armtools/bin/../lib/gcc/arm-atollic-eabi/6.3.1/../../../../arm-atollic-eabi/lib/armv7-m\libc_nano.a(lib_a-errno.o)
 .ARM.attributes
                0x000003c8       0x2d d:/programs/installed/curt apps/atolic/truestudio for stm32 9.3.0/armtools/bin/../lib/gcc/arm-atollic-eabi/6.3.1/../../../../arm-atollic-eabi/lib/armv7-m\libc_nano.a(lib_a-impure.o)
 .ARM.attributes
                0x000003f5       0x2d d:/programs/installed/curt apps/atolic/truestudio for stm32 9.3.0/armtools/bin/../lib/gcc/arm-atollic-eabi/6.3.1/../../../../arm-atollic-eabi/lib/armv7-m\libc_nano.a(lib_a-init.o)
 .ARM.attributes
                0x00000422       0x2d d:/programs/installed/curt apps/atolic/truestudio for stm32 9.3.0/armtools/bin/../lib/gcc/arm-atollic-eabi/6.3.1/../../../../arm-atollic-eabi/lib/armv7-m\libc_nano.a(lib_a-memset.o)
 .ARM.attributes
                0x0000044f       0x2d d:/programs/installed/curt apps/atolic/truestudio for stm32 9.3.0/armtools/bin/../lib/gcc/arm-atollic-eabi/6.3.1/../../../../arm-atollic-eabi/lib/armv7-m\libc_nano.a(lib_a-sprintf.o)
 .ARM.attributes
                0x0000047c       0x2d d:/programs/installed/curt apps/atolic/truestudio for stm32 9.3.0/armtools/bin/../lib/gcc/arm-atollic-eabi/6.3.1/../../../../arm-atollic-eabi/lib/armv7-m\libc_nano.a(lib_a-nano-svfprintf.o)
 .ARM.attributes
                0x000004a9       0x2d d:/programs/installed/curt apps/atolic/truestudio for stm32 9.3.0/armtools/bin/../lib/gcc/arm-atollic-eabi/6.3.1/../../../../arm-atollic-eabi/lib/armv7-m\libc_nano.a(lib_a-nano-vfprintf_i.o)
 .ARM.attributes
                0x000004d6       0x2d d:/programs/installed/curt apps/atolic/truestudio for stm32 9.3.0/armtools/bin/../lib/gcc/arm-atollic-eabi/6.3.1/../../../../arm-atollic-eabi/lib/armv7-m\libc_nano.a(lib_a-memchr-stub.o)
 .ARM.attributes
                0x00000503       0x2d d:/programs/installed/curt apps/atolic/truestudio for stm32 9.3.0/armtools/bin/../lib/gcc/arm-atollic-eabi/6.3.1/../../../../arm-atollic-eabi/lib/armv7-m\libc_nano.a(lib_a-memcpy-stub.o)
 .ARM.attributes
                0x00000530       0x2d d:/programs/installed/curt apps/atolic/truestudio for stm32 9.3.0/armtools/bin/../lib/gcc/arm-atollic-eabi/6.3.1/../../../../arm-atollic-eabi/lib/armv7-m\libc_nano.a(lib_a-memmove.o)
 .ARM.attributes
                0x0000055d       0x2d d:/programs/installed/curt apps/atolic/truestudio for stm32 9.3.0/armtools/bin/../lib/gcc/arm-atollic-eabi/6.3.1/../../../../arm-atollic-eabi/lib/armv7-m\libc_nano.a(lib_a-nano-freer.o)
 .ARM.attributes
                0x0000058a       0x2d d:/programs/installed/curt apps/atolic/truestudio for stm32 9.3.0/armtools/bin/../lib/gcc/arm-atollic-eabi/6.3.1/../../../../arm-atollic-eabi/lib/armv7-m\libc_nano.a(lib_a-nano-mallocr.o)
 .ARM.attributes
                0x000005b7       0x2d d:/programs/installed/curt apps/atolic/truestudio for stm32 9.3.0/armtools/bin/../lib/gcc/arm-atollic-eabi/6.3.1/../../../../arm-atollic-eabi/lib/armv7-m\libc_nano.a(lib_a-nano-reallocr.o)
 .ARM.attributes
                0x000005e4       0x2d d:/programs/installed/curt apps/atolic/truestudio for stm32 9.3.0/armtools/bin/../lib/gcc/arm-atollic-eabi/6.3.1/../../../../arm-atollic-eabi/lib/armv7-m\libc_nano.a(lib_a-sbrkr.o)
 .ARM.attributes
                0x00000611       0x2d d:/programs/installed/curt apps/atolic/truestudio for stm32 9.3.0/armtools/bin/../lib/gcc/arm-atollic-eabi/6.3.1/../../../../arm-atollic-eabi/lib/armv7-m\libc_nano.a(lib_a-mlock.o)
 .ARM.attributes
                0x0000063e       0x2d d:/programs/installed/curt apps/atolic/truestudio for stm32 9.3.0/armtools/bin/../lib/gcc/arm-atollic-eabi/6.3.1/../../../../arm-atollic-eabi/lib/armv7-m\libc_nano.a(lib_a-nano-msizer.o)
 .ARM.attributes
                0x0000066b       0x2d d:/programs/installed/curt apps/atolic/truestudio for stm32 9.3.0/armtools/bin/../lib/gcc/arm-atollic-eabi/6.3.1/../../../../arm-atollic-eabi/lib/armv7-m\libc_nano.a(lib_a-reent.o)
 .ARM.attributes
                0x00000698       0x1d d:/programs/installed/curt apps/atolic/truestudio for stm32 9.3.0/armtools/bin/../lib/gcc/arm-atollic-eabi/6.3.1/armv7-m\libgcc.a(_arm_addsubdf3.o)
 .ARM.attributes
                0x000006b5       0x1d d:/programs/installed/curt apps/atolic/truestudio for stm32 9.3.0/armtools/bin/../lib/gcc/arm-atollic-eabi/6.3.1/armv7-m\libgcc.a(_arm_muldivdf3.o)
 .ARM.attributes
                0x000006d2       0x1d d:/programs/installed/curt apps/atolic/truestudio for stm32 9.3.0/armtools/bin/../lib/gcc/arm-atollic-eabi/6.3.1/armv7-m\libgcc.a(_arm_cmpdf2.o)
 .ARM.attributes
                0x000006ef       0x1d d:/programs/installed/curt apps/atolic/truestudio for stm32 9.3.0/armtools/bin/../lib/gcc/arm-atollic-eabi/6.3.1/armv7-m/crtn.o
OUTPUT(CURT 2020 EVMS.elf elf32-littlearm)

.debug_info     0x00000000     0xffbe
 .debug_info    0x00000000      0x7e4 Drivers\STM32F1xx_HAL_Driver\Src\stm32f1xx_hal.o
 .debug_info    0x000007e4      0xeab Drivers\STM32F1xx_HAL_Driver\Src\stm32f1xx_hal_adc.o
 .debug_info    0x0000168f      0xcb2 Drivers\STM32F1xx_HAL_Driver\Src\stm32f1xx_hal_cortex.o
 .debug_info    0x00002341      0x842 Drivers\STM32F1xx_HAL_Driver\Src\stm32f1xx_hal_dma.o
 .debug_info    0x00002b83      0x6ac Drivers\STM32F1xx_HAL_Driver\Src\stm32f1xx_hal_gpio.o
 .debug_info    0x0000322f      0xa0c Drivers\STM32F1xx_HAL_Driver\Src\stm32f1xx_hal_rcc.o
 .debug_info    0x00003c3b      0x496 Drivers\STM32F1xx_HAL_Driver\Src\stm32f1xx_hal_rcc_ex.o
 .debug_info    0x000040d1     0x39ab Drivers\STM32F1xx_HAL_Driver\Src\stm32f1xx_hal_tim.o
 .debug_info    0x00007a7c     0x163f Drivers\STM32F1xx_HAL_Driver\Src\stm32f1xx_hal_tim_ex.o
 .debug_info    0x000090bb     0x165d Drivers\STM32F1xx_HAL_Driver\Src\stm32f1xx_hal_uart.o
 .debug_info    0x0000a718     0x13fe Src\EVMS.o
 .debug_info    0x0000bb16     0x1598 Src\main.o
 .debug_info    0x0000d0ae     0x1039 Src\stm32f1xx_hal_msp.o
 .debug_info    0x0000e0e7      0xb9d Src\stm32f1xx_it.o
 .debug_info    0x0000ec84      0xfe1 Src\syscalls.o
 .debug_info    0x0000fc65      0x29e Src\system_stm32f1xx.o
 .debug_info    0x0000ff03       0xbb startup\startup_stm32f103xb.o

.debug_abbrev   0x00000000     0x26e1
 .debug_abbrev  0x00000000      0x239 Drivers\STM32F1xx_HAL_Driver\Src\stm32f1xx_hal.o
 .debug_abbrev  0x00000239      0x299 Drivers\STM32F1xx_HAL_Driver\Src\stm32f1xx_hal_adc.o
 .debug_abbrev  0x000004d2      0x2f8 Drivers\STM32F1xx_HAL_Driver\Src\stm32f1xx_hal_cortex.o
 .debug_abbrev  0x000007ca      0x22d Drivers\STM32F1xx_HAL_Driver\Src\stm32f1xx_hal_dma.o
 .debug_abbrev  0x000009f7      0x1e4 Drivers\STM32F1xx_HAL_Driver\Src\stm32f1xx_hal_gpio.o
 .debug_abbrev  0x00000bdb      0x2c1 Drivers\STM32F1xx_HAL_Driver\Src\stm32f1xx_hal_rcc.o
 .debug_abbrev  0x00000e9c      0x1c4 Drivers\STM32F1xx_HAL_Driver\Src\stm32f1xx_hal_rcc_ex.o
 .debug_abbrev  0x00001060      0x335 Drivers\STM32F1xx_HAL_Driver\Src\stm32f1xx_hal_tim.o
 .debug_abbrev  0x00001395      0x2ab Drivers\STM32F1xx_HAL_Driver\Src\stm32f1xx_hal_tim_ex.o
 .debug_abbrev  0x00001640      0x300 Drivers\STM32F1xx_HAL_Driver\Src\stm32f1xx_hal_uart.o
 .debug_abbrev  0x00001940      0x2ad Src\EVMS.o
 .debug_abbrev  0x00001bed      0x2ab Src\main.o
 .debug_abbrev  0x00001e98      0x251 Src\stm32f1xx_hal_msp.o
 .debug_abbrev  0x000020e9      0x1de Src\stm32f1xx_it.o
 .debug_abbrev  0x000022c7      0x2d9 Src\syscalls.o
 .debug_abbrev  0x000025a0      0x12f Src\system_stm32f1xx.o
 .debug_abbrev  0x000026cf       0x12 startup\startup_stm32f103xb.o

.debug_loc      0x00000000     0x809d
 .debug_loc     0x00000000      0x12e Drivers\STM32F1xx_HAL_Driver\Src\stm32f1xx_hal.o
 .debug_loc     0x0000012e      0x873 Drivers\STM32F1xx_HAL_Driver\Src\stm32f1xx_hal_adc.o
 .debug_loc     0x000009a1      0x487 Drivers\STM32F1xx_HAL_Driver\Src\stm32f1xx_hal_cortex.o
 .debug_loc     0x00000e28      0x5ed Drivers\STM32F1xx_HAL_Driver\Src\stm32f1xx_hal_dma.o
 .debug_loc     0x00001415      0x316 Drivers\STM32F1xx_HAL_Driver\Src\stm32f1xx_hal_gpio.o
 .debug_loc     0x0000172b      0x478 Drivers\STM32F1xx_HAL_Driver\Src\stm32f1xx_hal_rcc.o
 .debug_loc     0x00001ba3      0x29d Drivers\STM32F1xx_HAL_Driver\Src\stm32f1xx_hal_rcc_ex.o
 .debug_loc     0x00001e40     0x39a7 Drivers\STM32F1xx_HAL_Driver\Src\stm32f1xx_hal_tim.o
 .debug_loc     0x000057e7      0xf32 Drivers\STM32F1xx_HAL_Driver\Src\stm32f1xx_hal_tim_ex.o
 .debug_loc     0x00006719     0x12c7 Drivers\STM32F1xx_HAL_Driver\Src\stm32f1xx_hal_uart.o
 .debug_loc     0x000079e0      0x11a Src\EVMS.o
 .debug_loc     0x00007afa       0xe7 Src\stm32f1xx_hal_msp.o
 .debug_loc     0x00007be1      0x3ef Src\syscalls.o
 .debug_loc     0x00007fd0       0xcd Src\system_stm32f1xx.o

.debug_aranges  0x00000000      0xb28
 .debug_aranges
                0x00000000       0xd8 Drivers\STM32F1xx_HAL_Driver\Src\stm32f1xx_hal.o
 .debug_aranges
                0x000000d8       0xc8 Drivers\STM32F1xx_HAL_Driver\Src\stm32f1xx_hal_adc.o
 .debug_aranges
                0x000001a0       0x90 Drivers\STM32F1xx_HAL_Driver\Src\stm32f1xx_hal_cortex.o
 .debug_aranges
                0x00000230       0x78 Drivers\STM32F1xx_HAL_Driver\Src\stm32f1xx_hal_dma.o
 .debug_aranges
                0x000002a8       0x58 Drivers\STM32F1xx_HAL_Driver\Src\stm32f1xx_hal_gpio.o
 .debug_aranges
                0x00000300       0x88 Drivers\STM32F1xx_HAL_Driver\Src\stm32f1xx_hal_rcc.o
 .debug_aranges
                0x00000388       0x30 Drivers\STM32F1xx_HAL_Driver\Src\stm32f1xx_hal_rcc_ex.o
 .debug_aranges
                0x000003b8      0x298 Drivers\STM32F1xx_HAL_Driver\Src\stm32f1xx_hal_tim.o
 .debug_aranges
                0x00000650      0x118 Drivers\STM32F1xx_HAL_Driver\Src\stm32f1xx_hal_tim_ex.o
 .debug_aranges
                0x00000768      0x170 Drivers\STM32F1xx_HAL_Driver\Src\stm32f1xx_hal_uart.o
 .debug_aranges
                0x000008d8       0x78 Src\EVMS.o
 .debug_aranges
                0x00000950       0x30 Src\main.o
 .debug_aranges
                0x00000980       0x58 Src\stm32f1xx_hal_msp.o
 .debug_aranges
                0x000009d8       0x50 Src\stm32f1xx_it.o
 .debug_aranges
                0x00000a28       0xb0 Src\syscalls.o
 .debug_aranges
                0x00000ad8       0x28 Src\system_stm32f1xx.o
 .debug_aranges
                0x00000b00       0x28 startup\startup_stm32f103xb.o

.debug_ranges   0x00000000      0xe40
 .debug_ranges  0x00000000       0xc8 Drivers\STM32F1xx_HAL_Driver\Src\stm32f1xx_hal.o
 .debug_ranges  0x000000c8       0xb8 Drivers\STM32F1xx_HAL_Driver\Src\stm32f1xx_hal_adc.o
 .debug_ranges  0x00000180      0x128 Drivers\STM32F1xx_HAL_Driver\Src\stm32f1xx_hal_cortex.o
 .debug_ranges  0x000002a8       0xa8 Drivers\STM32F1xx_HAL_Driver\Src\stm32f1xx_hal_dma.o
 .debug_ranges  0x00000350       0x60 Drivers\STM32F1xx_HAL_Driver\Src\stm32f1xx_hal_gpio.o
 .debug_ranges  0x000003b0       0xa0 Drivers\STM32F1xx_HAL_Driver\Src\stm32f1xx_hal_rcc.o
 .debug_ranges  0x00000450       0x40 Drivers\STM32F1xx_HAL_Driver\Src\stm32f1xx_hal_rcc_ex.o
 .debug_ranges  0x00000490      0x398 Drivers\STM32F1xx_HAL_Driver\Src\stm32f1xx_hal_tim.o
 .debug_ranges  0x00000828      0x108 Drivers\STM32F1xx_HAL_Driver\Src\stm32f1xx_hal_tim_ex.o
 .debug_ranges  0x00000930      0x190 Drivers\STM32F1xx_HAL_Driver\Src\stm32f1xx_hal_uart.o
 .debug_ranges  0x00000ac0       0x68 Src\EVMS.o
 .debug_ranges  0x00000b28       0xf8 Src\main.o
 .debug_ranges  0x00000c20      0x108 Src\stm32f1xx_hal_msp.o
 .debug_ranges  0x00000d28       0x40 Src\stm32f1xx_it.o
 .debug_ranges  0x00000d68       0xa0 Src\syscalls.o
 .debug_ranges  0x00000e08       0x18 Src\system_stm32f1xx.o
 .debug_ranges  0x00000e20       0x20 startup\startup_stm32f103xb.o

.debug_line     0x00000000     0x66f7
 .debug_line    0x00000000      0x3fd Drivers\STM32F1xx_HAL_Driver\Src\stm32f1xx_hal.o
 .debug_line    0x000003fd      0x7ea Drivers\STM32F1xx_HAL_Driver\Src\stm32f1xx_hal_adc.o
 .debug_line    0x00000be7      0x3f6 Drivers\STM32F1xx_HAL_Driver\Src\stm32f1xx_hal_cortex.o
 .debug_line    0x00000fdd      0x60b Drivers\STM32F1xx_HAL_Driver\Src\stm32f1xx_hal_dma.o
 .debug_line    0x000015e8      0x3ba Drivers\STM32F1xx_HAL_Driver\Src\stm32f1xx_hal_gpio.o
 .debug_line    0x000019a2      0x592 Drivers\STM32F1xx_HAL_Driver\Src\stm32f1xx_hal_rcc.o
 .debug_line    0x00001f34      0x346 Drivers\STM32F1xx_HAL_Driver\Src\stm32f1xx_hal_rcc_ex.o
 .debug_line    0x0000227a     0x17ef Drivers\STM32F1xx_HAL_Driver\Src\stm32f1xx_hal_tim.o
 .debug_line    0x00003a69      0xb2f Drivers\STM32F1xx_HAL_Driver\Src\stm32f1xx_hal_tim_ex.o
 .debug_line    0x00004598      0xc54 Drivers\STM32F1xx_HAL_Driver\Src\stm32f1xx_hal_uart.o
 .debug_line    0x000051ec      0x406 Src\EVMS.o
 .debug_line    0x000055f2      0x403 Src\main.o
 .debug_line    0x000059f5      0x395 Src\stm32f1xx_hal_msp.o
 .debug_line    0x00005d8a      0x2e3 Src\stm32f1xx_it.o
 .debug_line    0x0000606d      0x3e0 Src\syscalls.o
 .debug_line    0x0000644d      0x22d Src\system_stm32f1xx.o
 .debug_line    0x0000667a       0x7d startup\startup_stm32f103xb.o

.debug_str      0x00000000     0x429b
 .debug_str     0x00000000      0x850 Drivers\STM32F1xx_HAL_Driver\Src\stm32f1xx_hal.o
                                0x8b9 (size before relaxing)
 .debug_str     0x00000850      0x67a Drivers\STM32F1xx_HAL_Driver\Src\stm32f1xx_hal_adc.o
                                0x9d7 (size before relaxing)
 .debug_str     0x00000eca      0x3c5 Drivers\STM32F1xx_HAL_Driver\Src\stm32f1xx_hal_cortex.o
                                0x9d5 (size before relaxing)
 .debug_str     0x0000128f      0x220 Drivers\STM32F1xx_HAL_Driver\Src\stm32f1xx_hal_dma.o
                                0x723 (size before relaxing)
 .debug_str     0x000014af      0x1ca Drivers\STM32F1xx_HAL_Driver\Src\stm32f1xx_hal_gpio.o
                                0x526 (size before relaxing)
 .debug_str     0x00001679      0x322 Drivers\STM32F1xx_HAL_Driver\Src\stm32f1xx_hal_rcc.o
                                0x70f (size before relaxing)
 .debug_str     0x0000199b      0x110 Drivers\STM32F1xx_HAL_Driver\Src\stm32f1xx_hal_rcc_ex.o
                                0x4e7 (size before relaxing)
 .debug_str     0x00001aab     0x1194 Drivers\STM32F1xx_HAL_Driver\Src\stm32f1xx_hal_tim.o
                               0x175e (size before relaxing)
 .debug_str     0x00002c3f      0x5bd Drivers\STM32F1xx_HAL_Driver\Src\stm32f1xx_hal_tim_ex.o
                                0xf88 (size before relaxing)
 .debug_str     0x000031fc      0x6f4 Drivers\STM32F1xx_HAL_Driver\Src\stm32f1xx_hal_uart.o
                                0xcb6 (size before relaxing)
 .debug_str     0x000038f0      0x1bb Src\EVMS.o
                                0xc89 (size before relaxing)
 .debug_str     0x00003aab       0xa9 Src\main.o
                               0x1246 (size before relaxing)
 .debug_str     0x00003b54       0x24 Src\stm32f1xx_hal_msp.o
                                0xc57 (size before relaxing)
 .debug_str     0x00003b78       0xbf Src\stm32f1xx_it.o
                                0xb45 (size before relaxing)
 .debug_str     0x00003c37      0x617 Src\syscalls.o
                                0x89a (size before relaxing)
 .debug_str     0x0000424e       0x4d Src\system_stm32f1xx.o
                                0x337 (size before relaxing)

.comment        0x00000000       0x7c
 .comment       0x00000000       0x7c Drivers\STM32F1xx_HAL_Driver\Src\stm32f1xx_hal.o
                                 0x7d (size before relaxing)
 .comment       0x0000007c       0x7d Drivers\STM32F1xx_HAL_Driver\Src\stm32f1xx_hal_adc.o
 .comment       0x0000007c       0x7d Drivers\STM32F1xx_HAL_Driver\Src\stm32f1xx_hal_cortex.o
 .comment       0x0000007c       0x7d Drivers\STM32F1xx_HAL_Driver\Src\stm32f1xx_hal_dma.o
 .comment       0x0000007c       0x7d Drivers\STM32F1xx_HAL_Driver\Src\stm32f1xx_hal_gpio.o
 .comment       0x0000007c       0x7d Drivers\STM32F1xx_HAL_Driver\Src\stm32f1xx_hal_rcc.o
 .comment       0x0000007c       0x7d Drivers\STM32F1xx_HAL_Driver\Src\stm32f1xx_hal_rcc_ex.o
 .comment       0x0000007c       0x7d Drivers\STM32F1xx_HAL_Driver\Src\stm32f1xx_hal_tim.o
 .comment       0x0000007c       0x7d Drivers\STM32F1xx_HAL_Driver\Src\stm32f1xx_hal_tim_ex.o
 .comment       0x0000007c       0x7d Drivers\STM32F1xx_HAL_Driver\Src\stm32f1xx_hal_uart.o
 .comment       0x0000007c       0x7d Src\EVMS.o
 .comment       0x0000007c       0x7d Src\main.o
 .comment       0x0000007c       0x7d Src\stm32f1xx_hal_msp.o
 .comment       0x0000007c       0x7d Src\stm32f1xx_it.o
 .comment       0x0000007c       0x7d Src\syscalls.o
 .comment       0x0000007c       0x7d Src\system_stm32f1xx.o

.debug_frame    0x00000000     0x2628
 .debug_frame   0x00000000      0x1d4 Drivers\STM32F1xx_HAL_Driver\Src\stm32f1xx_hal.o
 .debug_frame   0x000001d4      0x298 Drivers\STM32F1xx_HAL_Driver\Src\stm32f1xx_hal_adc.o
 .debug_frame   0x0000046c      0x120 Drivers\STM32F1xx_HAL_Driver\Src\stm32f1xx_hal_cortex.o
 .debug_frame   0x0000058c      0x144 Drivers\STM32F1xx_HAL_Driver\Src\stm32f1xx_hal_dma.o
 .debug_frame   0x000006d0       0xd4 Drivers\STM32F1xx_HAL_Driver\Src\stm32f1xx_hal_gpio.o
 .debug_frame   0x000007a4      0x150 Drivers\STM32F1xx_HAL_Driver\Src\stm32f1xx_hal_rcc.o
 .debug_frame   0x000008f4       0x6c Drivers\STM32F1xx_HAL_Driver\Src\stm32f1xx_hal_rcc_ex.o
 .debug_frame   0x00000960      0x9d0 Drivers\STM32F1xx_HAL_Driver\Src\stm32f1xx_hal_tim.o
 .debug_frame   0x00001330      0x3c8 Drivers\STM32F1xx_HAL_Driver\Src\stm32f1xx_hal_tim_ex.o
 .debug_frame   0x000016f8      0x4a0 Drivers\STM32F1xx_HAL_Driver\Src\stm32f1xx_hal_uart.o
 .debug_frame   0x00001b98      0x150 Src\EVMS.o
 .debug_frame   0x00001ce8       0x5c Src\main.o
 .debug_frame   0x00001d44       0xe0 Src\stm32f1xx_hal_msp.o
 .debug_frame   0x00001e24       0xb0 Src\stm32f1xx_it.o
 .debug_frame   0x00001ed4      0x1a8 Src\syscalls.o
 .debug_frame   0x0000207c       0x30 Src\system_stm32f1xx.o
 .debug_frame   0x000020ac       0x20 d:/programs/installed/curt apps/atolic/truestudio for stm32 9.3.0/armtools/bin/../lib/gcc/arm-atollic-eabi/6.3.1/../../../../arm-atollic-eabi/lib/armv7-m\libc_nano.a(lib_a-errno.o)
 .debug_frame   0x000020cc       0x2c d:/programs/installed/curt apps/atolic/truestudio for stm32 9.3.0/armtools/bin/../lib/gcc/arm-atollic-eabi/6.3.1/../../../../arm-atollic-eabi/lib/armv7-m\libc_nano.a(lib_a-init.o)
 .debug_frame   0x000020f8       0x20 d:/programs/installed/curt apps/atolic/truestudio for stm32 9.3.0/armtools/bin/../lib/gcc/arm-atollic-eabi/6.3.1/../../../../arm-atollic-eabi/lib/armv7-m\libc_nano.a(lib_a-memset.o)
 .debug_frame   0x00002118       0x70 d:/programs/installed/curt apps/atolic/truestudio for stm32 9.3.0/armtools/bin/../lib/gcc/arm-atollic-eabi/6.3.1/../../../../arm-atollic-eabi/lib/armv7-m\libc_nano.a(lib_a-sprintf.o)
 .debug_frame   0x00002188       0x90 d:/programs/installed/curt apps/atolic/truestudio for stm32 9.3.0/armtools/bin/../lib/gcc/arm-atollic-eabi/6.3.1/../../../../arm-atollic-eabi/lib/armv7-m\libc_nano.a(lib_a-nano-svfprintf.o)
 .debug_frame   0x00002218       0x60 d:/programs/installed/curt apps/atolic/truestudio for stm32 9.3.0/armtools/bin/../lib/gcc/arm-atollic-eabi/6.3.1/../../../../arm-atollic-eabi/lib/armv7-m\libc_nano.a(lib_a-nano-vfprintf_i.o)
 .debug_frame   0x00002278       0x28 d:/programs/installed/curt apps/atolic/truestudio for stm32 9.3.0/armtools/bin/../lib/gcc/arm-atollic-eabi/6.3.1/../../../../arm-atollic-eabi/lib/armv7-m\libc_nano.a(lib_a-memchr-stub.o)
 .debug_frame   0x000022a0       0x28 d:/programs/installed/curt apps/atolic/truestudio for stm32 9.3.0/armtools/bin/../lib/gcc/arm-atollic-eabi/6.3.1/../../../../arm-atollic-eabi/lib/armv7-m\libc_nano.a(lib_a-memcpy-stub.o)
 .debug_frame   0x000022c8       0x28 d:/programs/installed/curt apps/atolic/truestudio for stm32 9.3.0/armtools/bin/../lib/gcc/arm-atollic-eabi/6.3.1/../../../../arm-atollic-eabi/lib/armv7-m\libc_nano.a(lib_a-memmove.o)
 .debug_frame   0x000022f0       0x38 d:/programs/installed/curt apps/atolic/truestudio for stm32 9.3.0/armtools/bin/../lib/gcc/arm-atollic-eabi/6.3.1/../../../../arm-atollic-eabi/lib/armv7-m\libc_nano.a(lib_a-nano-freer.o)
 .debug_frame   0x00002328       0x2c d:/programs/installed/curt apps/atolic/truestudio for stm32 9.3.0/armtools/bin/../lib/gcc/arm-atollic-eabi/6.3.1/../../../../arm-atollic-eabi/lib/armv7-m\libc_nano.a(lib_a-nano-mallocr.o)
 .debug_frame   0x00002354       0x3c d:/programs/installed/curt apps/atolic/truestudio for stm32 9.3.0/armtools/bin/../lib/gcc/arm-atollic-eabi/6.3.1/../../../../arm-atollic-eabi/lib/armv7-m\libc_nano.a(lib_a-nano-reallocr.o)
 .debug_frame   0x00002390       0x2c d:/programs/installed/curt apps/atolic/truestudio for stm32 9.3.0/armtools/bin/../lib/gcc/arm-atollic-eabi/6.3.1/../../../../arm-atollic-eabi/lib/armv7-m\libc_nano.a(lib_a-sbrkr.o)
 .debug_frame   0x000023bc       0x30 d:/programs/installed/curt apps/atolic/truestudio for stm32 9.3.0/armtools/bin/../lib/gcc/arm-atollic-eabi/6.3.1/../../../../arm-atollic-eabi/lib/armv7-m\libc_nano.a(lib_a-mlock.o)
 .debug_frame   0x000023ec       0x20 d:/programs/installed/curt apps/atolic/truestudio for stm32 9.3.0/armtools/bin/../lib/gcc/arm-atollic-eabi/6.3.1/../../../../arm-atollic-eabi/lib/armv7-m\libc_nano.a(lib_a-nano-msizer.o)
 .debug_frame   0x0000240c       0x5c d:/programs/installed/curt apps/atolic/truestudio for stm32 9.3.0/armtools/bin/../lib/gcc/arm-atollic-eabi/6.3.1/../../../../arm-atollic-eabi/lib/armv7-m\libc_nano.a(lib_a-reent.o)
 .debug_frame   0x00002468       0xac d:/programs/installed/curt apps/atolic/truestudio for stm32 9.3.0/armtools/bin/../lib/gcc/arm-atollic-eabi/6.3.1/armv7-m\libgcc.a(_arm_addsubdf3.o)
 .debug_frame   0x00002514       0x50 d:/programs/installed/curt apps/atolic/truestudio for stm32 9.3.0/armtools/bin/../lib/gcc/arm-atollic-eabi/6.3.1/armv7-m\libgcc.a(_arm_muldivdf3.o)
 .debug_frame   0x00002564       0xc4 d:/programs/installed/curt apps/atolic/truestudio for stm32 9.3.0/armtools/bin/../lib/gcc/arm-atollic-eabi/6.3.1/armv7-m\libgcc.a(_arm_cmpdf2.o)
